Archive member included to satisfy reference by file (symbol)

C:/devkitPro/libnx/lib\libnx.a(mutex.o)
                              main.o (mutexLock)
C:/devkitPro/libnx/lib\libnx.a(thread.o)
                              main.o (threadCreate)
C:/devkitPro/libnx/lib\libnx.a(pm.o)
                              main.o (pmdmntInitialize)
C:/devkitPro/libnx/lib\libnx.a(vi.o)
                              main.o (viInitialize)
C:/devkitPro/libnx/lib\libnx.a(hidsys.o)
                              util.o (hidsysInitialize)
C:/devkitPro/libnx/lib\libnx.a(ldr.o)
                              main.o (ldrDmntInitialize)
C:/devkitPro/libnx/lib\libnx.a(apm.o)
                              main.o (apmInitialize)
C:/devkitPro/libnx/lib\libnx.a(hiddbg.o)
                              commands.o (hiddbgInitialize)
C:/devkitPro/libnx/lib\libnx.a(psm.o)
                              main.o (psmInitialize)
C:/devkitPro/libnx/lib\libnx.a(capssc.o)
                              main.o (capsscInitialize)
C:/devkitPro/libnx/lib\libnx.a(set.o)
                              main.o (setInitialize)
C:/devkitPro/libnx/lib\libnx.a(fatal.o)
                              commands.o (fatalThrow)
C:/devkitPro/libnx/lib\libnx.a(fs.o)
                              main.o (fsInitialize)
C:/devkitPro/libnx/lib\libnx.a(sm.o)
                              main.o (smInitialize)
C:/devkitPro/libnx/lib\libnx.a(applet.o)
                              C:/devkitPro/libnx/lib\libnx.a(vi.o) (appletCreateManagedDisplayLayer)
C:/devkitPro/libnx/lib\libnx.a(lbl.o)
                              main.o (lblInitialize)
C:/devkitPro/libnx/lib\libnx.a(time.o)
                              main.o (timeInitialize)
C:/devkitPro/libnx/lib\libnx.a(audout.o)
                              main.o (audoutExit)
C:/devkitPro/libnx/lib\libnx.a(hosversion.o)
                              main.o (hosversionGet)
C:/devkitPro/libnx/lib\libnx.a(env.o)
                              C:/devkitPro/libnx/lib\libnx.a(thread.o) (envGetMainThreadHandle)
C:/devkitPro/libnx/lib\libnx.a(alloc.o)
                              C:/devkitPro/libnx/lib\libnx.a(thread.o) (__libnx_aligned_alloc)
C:/devkitPro/libnx/lib\libnx.a(diag.o)
                              C:/devkitPro/libnx/lib\libnx.a(thread.o) (diagAbortWithResult)
C:/devkitPro/libnx/lib\libnx.a(resolver.o)
                              ntp.o (gethostbyname)
C:/devkitPro/libnx/lib\libnx.a(socket.o)
                              main.o (socketExit)
C:/devkitPro/libnx/lib\libnx.a(fs_dev.o)
                              main.o (fsdevMountSdmc)
C:/devkitPro/libnx/lib\libnx.a(convert_errno.o)
                              C:/devkitPro/libnx/lib\libnx.a(socket.o) (_convert_errno)
C:/devkitPro/libnx/lib\libnx.a(inet_addr.o)
                              C:/devkitPro/libnx/lib\libnx.a(resolver.o) (inet_ntop)
C:/devkitPro/libnx/lib\libnx.a(decode_utf8.o)
                              C:/devkitPro/libnx/lib\libnx.a(fs_dev.o) (decode_utf8)
C:/devkitPro/libnx/lib\libnx.a(svc.o)
                              C:/devkitPro/libnx/lib\libnx.a(thread.o) (svcMapMemory)
C:/devkitPro/libnx/lib\libnx.a(readtp.o)
                              C:/devkitPro/libnx/lib\libnx.a(fs.o) (__aarch64_read_tp)
C:/devkitPro/libnx/lib\libnx.a(switch_crt0.o)
                              (_start)
C:/devkitPro/libnx/lib\libnx.a(shmem.o)
                              C:/devkitPro/libnx/lib\libnx.a(time.o) (shmemLoadRemote)
C:/devkitPro/libnx/lib\libnx.a(wait.o)
                              C:/devkitPro/libnx/lib\libnx.a(applet.o) (waitObjects)
C:/devkitPro/libnx/lib\libnx.a(tmem.o)
                              C:/devkitPro/libnx/lib\libnx.a(hiddbg.o) (tmemCreate)
C:/devkitPro/libnx/lib\libnx.a(virtmem.o)
                              C:/devkitPro/libnx/lib\libnx.a(thread.o) (virtmemLock)
C:/devkitPro/libnx/lib\libnx.a(event.o)
                              C:/devkitPro/libnx/lib\libnx.a(pm.o) (eventLoadRemote)
C:/devkitPro/libnx/lib\libnx.a(random.o)
                              C:/devkitPro/libnx/lib\libnx.a(virtmem.o) (randomGet64)
C:/devkitPro/libnx/lib\libnx.a(sessionmgr.o)
                              C:/devkitPro/libnx/lib\libnx.a(fs.o) (sessionmgrCreate)
C:/devkitPro/libnx/lib\libnx.a(bsd.o)
                              C:/devkitPro/libnx/lib\libnx.a(socket.o) (g_bsdResult)
C:/devkitPro/libnx/lib\libnx.a(ssl.o)
                              C:/devkitPro/libnx/lib\libnx.a(socket.o) (sslConnectionSetSocketDescriptor)
C:/devkitPro/libnx/lib\libnx.a(sfdnsres.o)
                              C:/devkitPro/libnx/lib\libnx.a(resolver.o) (sfdnsresGetHostByNameRequest)
C:/devkitPro/libnx/lib\libnx.a(nifm.o)
                              C:/devkitPro/libnx/lib\libnx.a(resolver.o) (nifmInitialize)
C:/devkitPro/libnx/lib\libnx.a(dynamic.o)
                              C:/devkitPro/libnx/lib\libnx.a(switch_crt0.o) (__nx_dynamic)
C:/devkitPro/libnx/lib\libnx.a(init.o)
[...]
Memory Configuration

Name             Origin             Length             Attributes
*default*        0x0000000000000000 0xffffffffffffffff

Linker script and memory map

                0x0000000000000000                PROVIDE (__start__ = 0x0)
                0x0000000000000000                . = __start__
                0x0000000000000000                __code_start = .

.crt0           0x0000000000000000      0x140
 *(.crt0)
 .crt0          0x0000000000000000      0x140 C:/devkitPro/libnx/lib\libnx.a(switch_crt0.o)
                0x0000000000000000                _start
                0x0000000000000108                __nx_exit
                0x0000000000000118                __nx_mod0
                0x0000000000000140                . = ALIGN (0x8)

.init           0x0000000000000140       0x38
 *(.init)
 .init          0x0000000000000140       0x18 c:/devkitpro/devkita64/bin/../lib/gcc/aarch64-none-elf/11.2.0/pic/crti.o
                0x0000000000000140                _init
 .init          0x0000000000000158       0x1c c:/devkitpro/devkita64/bin/../lib/gcc/aarch64-none-elf/11.2.0/pic/crtn.o
                0x0000000000000178                . = ALIGN (0x8)
 *fill*         0x0000000000000174        0x4 

.plt            0x0000000000000178        0x0
 *(.plt)
 .plt           0x0000000000000178        0x0 c:/devkitpro/devkita64/bin/../lib/gcc/aarch64-none-elf/11.2.0/pic/crti.o
 *(.iplt)
                0x0000000000000178                . = ALIGN (0x8)

.text           0x0000000000000180    0x27058
 *(.text.unlikely .text.*_unlikely .text.unlikely.*)
 *(.text.exit .text.exit.*)
 .text.exit     0x0000000000000180       0x38 c:/devkitpro/devkita64/bin/../lib/gcc/aarch64-none-elf/11.2.0/../../../../aarch64-none-elf/lib/pic\libg.a(lib_a-exit.o)
                0x0000000000000180                exit
 *(.text.startup .text.startup.*)
 *fill*         0x00000000000001b8        0x8 
 .text.startup.main
                0x00000000000001c0      0x420 main.o
                0x00000000000001c0                main
 *(.text.hot .text.hot.*)
 *(.text .stub .text.* .gnu.linkonce.t.*)
 .text.__do_global_dtors_aux
                0x00000000000005e0       0x44 c:/devkitpro/devkita64/bin/../lib/gcc/aarch64-none-elf/11.2.0/pic/crtbegin.o
 *fill*         0x0000000000000624        0xc 
 .text.frame_dummy
                0x0000000000000630       0x24 c:/devkitpro/devkita64/bin/../lib/gcc/aarch64-none-elf/11.2.0/pic/crtbegin.o
 *fill*         0x0000000000000654        0xc 
 .text.parseArgs
                0x0000000000000660      0x138 args.o
                0x0000000000000660                parseArgs
 *fill*         0x0000000000000798        0x8 
 .text.initController.part.0
                0x00000000000007a0      0x11c commands.o
 *fill*         0x00000000000008bc        0x4 
 .text.attach   0x00000000000008c0       0xa4 commands.o
                0x00000000000008c0                attach
 *fill*         0x0000000000000964        0xc 
 .text.detach   0x0000000000000970       0x14 commands.o
                0x0000000000000970                detach
 *fill*         0x0000000000000984        0xc 
 .text.getMainNsoBase
                0x0000000000000990       0x88 commands.o
                0x0000000000000990                getMainNsoBase
 *fill*         0x0000000000000a18        0x8 
 .text.getHeapBase
                0x0000000000000a20       0xa4 commands.o
                0x0000000000000a20                getHeapBase
 *fill*         0x0000000000000ac4        0xc 
 .text.getTitleId
                0x0000000000000ad0       0x54 commands.o
                0x0000000000000ad0                getTitleId
 *fill*         0x0000000000000b24        0xc 
 .text.getBuildID
                0x0000000000000b30       0x80 commands.o
                0x0000000000000b30                getBuildID
 .text.getMetaData
                0x0000000000000bb0       0xfc commands.o
                0x0000000000000bb0                getMetaData
 *fill*         0x0000000000000cac        0x4 
 .text.getIsProgramOpen
                0x0000000000000cb0       0x30 commands.o
                0x0000000000000cb0                getIsProgramOpen
 .text.detachController
                0x0000000000000ce0       0xbc commands.o
                0x0000000000000ce0                detachController
 *fill*         0x0000000000000d9c        0x4 
 .text.poke     0x0000000000000da0       0x90 commands.o
                0x0000000000000da0                poke
 .text.writeMem
                0x0000000000000e30       0x50 commands.o
                0x0000000000000e30                writeMem
 .text.peek     0x0000000000000e80       0xd0 commands.o
                0x0000000000000e80                peek
 .text.peekMulti
                0x0000000000000f50      0x160 commands.o
                0x0000000000000f50                peekMulti
 .text.press    0x00000000000010b0       0x78 commands.o
                0x00000000000010b0                press
 *fill*         0x0000000000001128        0x8 
 .text.release  0x0000000000001130       0x78 commands.o
                0x0000000000001130                release
 *fill*         0x00000000000011a8        0x8 
 .text.click    0x00000000000011b0       0x5c commands.o
                0x00000000000011b0                click
 *fill*         0x000000000000120c        0x4 
 .text.setStickState
                0x0000000000001210       0x78 commands.o
                0x0000000000001210                setStickState
 *fill*         0x0000000000001288        0x8 
 .text.followMainPointer
                0x0000000000001290      0x140 commands.o
                0x0000000000001290                followMainPointer
 .text.touch    0x00000000000013d0      0x130 commands.o
                0x00000000000013d0                touch
 .text.key      0x0000000000001500      0x190 commands.o
                0x0000000000001500                key
 .text.clickSequence
                0x0000000000001690      0x234 commands.o
                0x0000000000001690                clickSequence
 *fill*         0x00000000000018c4        0xc 
 .text.resetTime
                0x00000000000018d0       0x94 commands.o
                0x00000000000018d0                resetTime
 *fill*         0x0000000000001964        0xc 
 .text.dateSkip
                0x0000000000001970       0xd8 commands.o
                0x0000000000001970                dateSkip
 *fill*         0x0000000000001a48        0x8 
 .text.resetTimeNTP
                0x0000000000001a50       0x30 commands.o
                0x0000000000001a50                resetTimeNTP
 .text.initFreezes
                0x0000000000001a80       0x24 freeze.o
                0x0000000000001a80                initFreezes
 *fill*         0x0000000000001aa4        0xc 
 .text.freeFreezes
                0x0000000000001ab0        0xc freeze.o
                0x0000000000001ab0                freeFreezes
 *fill*         0x0000000000001abc        0x4 
 .text.removeFromFreezeMap
                0x0000000000001ac0       0x6c freeze.o
                0x0000000000001ac0                removeFromFreezeMap
 *fill*         0x0000000000001b2c        0x4 
 .text.addToFreezeMap
                0x0000000000001b30       0xc4 freeze.o
                0x0000000000001b30                addToFreezeMap
 *fill*         0x0000000000001bf4        0xc 
 .text.getFreezeCount
                0x0000000000001c00       0x78 freeze.o
                0x0000000000001c00                getFreezeCount
 *fill*         0x0000000000001c78        0x8 
 .text.clearFreezes
                0x0000000000001c80       0x64 freeze.o
                0x0000000000001c80                clearFreezes
 *fill*         0x0000000000001ce4        0xc 
 .text.sub_freeze
                0x0000000000001cf0      0x200 main.o
                0x0000000000001cf0                sub_freeze
 .text.sub_touch
                0x0000000000001ef0       0xb4 main.o
                0x0000000000001ef0                sub_touch
 *fill*         0x0000000000001fa4        0xc 
 .text.sub_key  0x0000000000001fb0       0x94 main.o
                0x0000000000001fb0                sub_key
 *fill*         0x0000000000002044        0xc 
 .text.sub_click
                0x0000000000002050       0x98 main.o
                0x0000000000002050                sub_click
 *fill*         0x00000000000020e8        0x8 
 .text.__libnx_initheap
                0x00000000000020f0       0x2c main.o
                0x00000000000020f0                __libnx_initheap
 *fill*         0x000000000000211c        0x4 
 .text.__appInit
                0x0000000000002120      0x100 main.o
                0x0000000000002120                __appInit
 .text.__appExit
                0x0000000000002220       0x2c main.o
                0x0000000000002220                __appExit
 *fill*         0x000000000000224c        0x4 
 .text.makeTouch
                0x0000000000002250       0x6c main.o
                0x0000000000002250                makeTouch
 *fill*         0x00000000000022bc        0x4 
 .text.makeKeys
                0x00000000000022c0       0x58 main.o
                0x00000000000022c0                makeKeys
 *fill*         0x0000000000002318        0x8 
 .text.argmain.part.0
                0x0000000000002320     0x17ac main.o
 *fill*         0x0000000000003acc        0x4 
 .text.argmain  0x0000000000003ad0       0x24 main.o
                0x0000000000003ad0                argmain
 *fill*         0x0000000000003af4        0xc 
 .text.add_to_pfds
                0x0000000000003b00       0x7c main.o
                0x0000000000003b00                add_to_pfds
 *fill*         0x0000000000003b7c        0x4 
 .text.ntpGetTime
                0x0000000000003b80       0xe0 ntp.o
                0x0000000000003b80                ntpGetTime
 .text.setupServerSocket
                0x0000000000003c60       0xa0 util.o
                0x0000000000003c60                setupServerSocket
 .text.parseStringToInt
                0x0000000000003d00       0x58 util.o
                0x0000000000003d00                parseStringToInt
 *fill*         0x0000000000003d58        0x8 
 .text.parseStringToSignedLong
                0x0000000000003d60       0x64 util.o
                0x0000000000003d60                parseStringToSignedLong
 *fill*         0x0000000000003dc4        0xc 
 .text.parseStringToByteBuffer
                0x0000000000003dd0      0x1e8 util.o
                0x0000000000003dd0                parseStringToByteBuffer
 *fill*         0x0000000000003fb8        0x8 
 .text.parseStringToButton
                0x0000000000003fc0      0x284 util.o
                0x0000000000003fc0                parseStringToButton
 *fill*         0x0000000000004244        0xc 
 .text.capsscCaptureForDebug
                0x0000000000004250      0x164 util.o
                0x0000000000004250                capsscCaptureForDebug
 *fill*         0x00000000000043b4        0xc 
 .text.flashLed
                0x00000000000043c0       0x8c util.o
                0x00000000000043c0                flashLed
 *fill*         0x000000000000444c        0x4 
 .text.mutexLock
                0x0000000000004450       0x80 C:/devkitPro/libnx/lib\libnx.a(mutex.o)
                0x0000000000004450                mutexLock
 .text.mutexUnlock
                0x00000000000044d0       0x68 C:/devkitPro/libnx/lib\libnx.a(mutex.o)
                0x00000000000044d0                mutexUnlock
 *fill*         0x0000000000004538        0x8 
 .text.mutexIsLockedByCurrentThread
                0x0000000000004540       0x1c C:/devkitPro/libnx/lib\libnx.a(mutex.o)
                0x0000000000004540                mutexIsLockedByCurrentThread
 *fill*         0x000000000000455c        0x4 
 .text.rmutexLock
                0x0000000000004560       0x4c C:/devkitPro/libnx/lib\libnx.a(mutex.o)
                0x0000000000004560                rmutexLock
 *fill*         0x00000000000045ac        0x4 
 .text.rmutexUnlock
                0x00000000000045b0       0x1c C:/devkitPro/libnx/lib\libnx.a(mutex.o)
                0x00000000000045b0                rmutexUnlock
 *fill*         0x00000000000045cc        0x4 
 .text.__libnx_init_thread
                0x00000000000045d0       0xac C:/devkitPro/libnx/lib\libnx.a(thread.o)
                0x00000000000045d0                __libnx_init_thread
 *fill*         0x000000000000467c        0x4 
 .text.threadCreate
                0x0000000000004680      0x280 C:/devkitPro/libnx/lib\libnx.a(thread.o)
                0x0000000000004680                threadCreate
 .text.threadExit
                0x0000000000004900       0xa0 C:/devkitPro/libnx/lib\libnx.a(thread.o)
                0x0000000000004900                threadExit
 .text._EntryWrap
                0x00000000000049a0       0x90 C:/devkitPro/libnx/lib\libnx.a(thread.o)
 .text.threadStart
                0x0000000000004a30        0x8 C:/devkitPro/libnx/lib\libnx.a(thread.o)
                0x0000000000004a30                threadStart
 *fill*         0x0000000000004a38        0x8 
 .text.threadWaitForExit
                0x0000000000004a40       0x2c C:/devkitPro/libnx/lib\libnx.a(thread.o)
                0x0000000000004a40                threadWaitForExit
 *fill*         0x0000000000004a6c        0x4 
 .text.threadClose
                0x0000000000004a70       0x98 C:/devkitPro/libnx/lib\libnx.a(thread.o)
                0x0000000000004a70                threadClose
 *fill*         0x0000000000004b08        0x8 
 .text._pmdmntCleanup
                0x0000000000004b10       0x68 C:/devkitPro/libnx/lib\libnx.a(pm.o)
 *fill*         0x0000000000004b78        0x8 
 .text._pminfoCleanup
                0x0000000000004b80       0x68 C:/devkitPro/libnx/lib\libnx.a(pm.o)
 *fill*         0x0000000000004be8        0x8 
 .text.pmdmntInitialize
                0x0000000000004bf0       0xa0 C:/devkitPro/libnx/lib\libnx.a(pm.o)
                0x0000000000004bf0                pmdmntInitialize
 .text.pminfoInitialize
                0x0000000000004c90       0xa0 C:/devkitPro/libnx/lib\libnx.a(pm.o)
                0x0000000000004c90                pminfoInitialize
 .text.pmdmntGetProcessId
                0x0000000000004d30       0xf4 C:/devkitPro/libnx/lib\libnx.a(pm.o)
                0x0000000000004d30                pmdmntGetProcessId
 *fill*         0x0000000000004e24        0xc 
 .text.pmdmntGetApplicationProcessId
                0x0000000000004e30       0xe4 C:/devkitPro/libnx/lib\libnx.a(pm.o)
                0x0000000000004e30                pmdmntGetApplicationProcessId
 *fill*         0x0000000000004f14        0xc 
 .text.pminfoGetProgramId
                0x0000000000004f20       0xd0 C:/devkitPro/libnx/lib\libnx.a(pm.o)
                0x0000000000004f20                pminfoGetProgramId
 .text._viCleanup
                0x0000000000004ff0      0x1dc C:/devkitPro/libnx/lib\libnx.a(vi.o)
 *fill*         0x00000000000051cc        0x4 
 .text._viCmdGetSessionNoParams.constprop.0
                0x00000000000051d0      0x100 C:/devkitPro/libnx/lib\libnx.a(vi.o)
 .text._viCmdGetSession.constprop.0
                0x00000000000052d0       0xfc C:/devkitPro/libnx/lib\libnx.a(vi.o)
 *fill*         0x00000000000053cc        0x4 
 .text.viInitialize
                0x00000000000053d0      0x25c C:/devkitPro/libnx/lib\libnx.a(vi.o)
                0x00000000000053d0                viInitialize
 *fill*         0x000000000000562c        0x4 
 .text.viExit   0x0000000000005630       0x44 C:/devkitPro/libnx/lib\libnx.a(vi.o)
                0x0000000000005630                viExit
 *fill*         0x0000000000005674        0xc 
 .text.viOpenDisplay
                0x0000000000005680      0x110 C:/devkitPro/libnx/lib\libnx.a(vi.o)
                0x0000000000005680                viOpenDisplay
 .text.viCloseDisplay
                0x0000000000005790       0xf4 C:/devkitPro/libnx/lib\libnx.a(vi.o)
                0x0000000000005790                viCloseDisplay
 *fill*         0x0000000000005884        0xc 
 .text.viSetDisplayPowerState
                0x0000000000005890       0xdc C:/devkitPro/libnx/lib\libnx.a(vi.o)
                0x0000000000005890                viSetDisplayPowerState
 *fill*         0x000000000000596c        0x4 
 .text._hidsysCleanup
                0x0000000000005970       0x68 C:/devkitPro/libnx/lib\libnx.a(hidsys.o)
 *fill*         0x00000000000059d8        0x8 
 .text.hidsysInitialize
                0x00000000000059e0       0xc8 C:/devkitPro/libnx/lib\libnx.a(hidsys.o)
                0x00000000000059e0                hidsysInitialize
 *fill*         0x0000000000005aa8        0x8 
 .text.hidsysExit
                0x0000000000005ab0       0x44 C:/devkitPro/libnx/lib\libnx.a(hidsys.o)
                0x0000000000005ab0                hidsysExit
 *fill*         0x0000000000005af4        0xc 
 .text.hidsysGetUniquePadsFromNpad
                0x0000000000005b00      0x124 C:/devkitPro/libnx/lib\libnx.a(hidsys.o)
                0x0000000000005b00                hidsysGetUniquePadsFromNpad
 *fill*         0x0000000000005c24        0xc 
 .text.hidsysSetNotificationLedPattern
                0x0000000000005c30      0x114 C:/devkitPro/libnx/lib\libnx.a(hidsys.o)
                0x0000000000005c30                hidsysSetNotificationLedPattern
 *fill*         0x0000000000005d44        0xc 
 .text._ldrDmntCleanup
                0x0000000000005d50       0x68 C:/devkitPro/libnx/lib\libnx.a(ldr.o)
 *fill*         0x0000000000005db8        0x8 
 .text.ldrDmntInitialize
                0x0000000000005dc0       0xa0 C:/devkitPro/libnx/lib\libnx.a(ldr.o)
                0x0000000000005dc0                ldrDmntInitialize
 .text.ldrDmntGetProcessModuleInfo
                0x0000000000005e60       0xf4 C:/devkitPro/libnx/lib\libnx.a(ldr.o)
                0x0000000000005e60                ldrDmntGetProcessModuleInfo
 *fill*         0x0000000000005f54        0xc 
 .text._apmCleanup
                0x0000000000005f60       0xc0 C:/devkitPro/libnx/lib\libnx.a(apm.o)
 .text._apmCmdGetSession.constprop.0
                0x0000000000006020       0xfc C:/devkitPro/libnx/lib\libnx.a(apm.o)
 *fill*         0x000000000000611c        0x4 
 .text.apmInitialize
                0x0000000000006120       0xa0 C:/devkitPro/libnx/lib\libnx.a(apm.o)
                0x0000000000006120                apmInitialize
 .text._hiddbgCmdNoIO
                0x00000000000061c0       0xc0 C:/devkitPro/libnx/lib\libnx.a(hiddbg.o)
 .text._hiddbgCmdInU64NoOut
                0x0000000000006280       0xc4 C:/devkitPro/libnx/lib\libnx.a(hiddbg.o)
 *fill*         0x0000000000006344        0xc 
 .text._hiddbgAttachHdlsVirtualDeviceV7
                0x0000000000006350       0xd8 C:/devkitPro/libnx/lib\libnx.a(hiddbg.o)
 *fill*         0x0000000000006428        0x8 
 .text._hiddbgCleanup
                0x0000000000006430       0x68 C:/devkitPro/libnx/lib\libnx.a(hiddbg.o)
 *fill*         0x0000000000006498        0x8 
 .text._hiddbgAttachHdlsVirtualDevice
                0x00000000000064a0       0xe0 C:/devkitPro/libnx/lib\libnx.a(hiddbg.o)
 .text._hiddbgSetHdlsState
                0x0000000000006580       0xf8 C:/devkitPro/libnx/lib\libnx.a(hiddbg.o)
 *fill*         0x0000000000006678        0x8 
 .text._hiddbgSetHdlsStateV7
                0x0000000000006680      0x108 C:/devkitPro/libnx/lib\libnx.a(hiddbg.o)
 *fill*         0x0000000000006788        0x8 
 .text._hiddbgSetHdlsStateV9
                0x0000000000006790      0x104 C:/devkitPro/libnx/lib\libnx.a(hiddbg.o)
 *fill*         0x0000000000006894        0xc 
 .text._hiddbgCmdInHandle64OutU64.constprop.0
                0x00000000000068a0       0xe0 C:/devkitPro/libnx/lib\libnx.a(hiddbg.o)
 .text._hiddbgCmdInHandle64NoOut.constprop.0
                0x0000000000006980       0xcc C:/devkitPro/libnx/lib\libnx.a(hiddbg.o)
 *fill*         0x0000000000006a4c        0x4 
 .text.hiddbgInitialize
                0x0000000000006a50       0xa0 C:/devkitPro/libnx/lib\libnx.a(hiddbg.o)
                0x0000000000006a50                hiddbgInitialize
 .text.hiddbgExit
                0x0000000000006af0       0x44 C:/devkitPro/libnx/lib\libnx.a(hiddbg.o)
                0x0000000000006af0                hiddbgExit
 *fill*         0x0000000000006b34        0xc 
 .text.hiddbgSetTouchScreenAutoPilotState
                0x0000000000006b40       0xe8 C:/devkitPro/libnx/lib\libnx.a(hiddbg.o)
                0x0000000000006b40                hiddbgSetTouchScreenAutoPilotState
 *fill*         0x0000000000006c28        0x8 
 .text.hiddbgUnsetTouchScreenAutoPilotState
                0x0000000000006c30        0x8 C:/devkitPro/libnx/lib\libnx.a(hiddbg.o)
                0x0000000000006c30                hiddbgUnsetTouchScreenAutoPilotState
 *fill*         0x0000000000006c38        0x8 
 .text.hiddbgSetKeyboardAutoPilotState
                0x0000000000006c40       0xd4 C:/devkitPro/libnx/lib\libnx.a(hiddbg.o)
                0x0000000000006c40                hiddbgSetKeyboardAutoPilotState
 *fill*         0x0000000000006d14        0xc 
 .text.hiddbgUnsetKeyboardAutoPilotState
                0x0000000000006d20        0x8 C:/devkitPro/libnx/lib\libnx.a(hiddbg.o)
                0x0000000000006d20                hiddbgUnsetKeyboardAutoPilotState
 *fill*         0x0000000000006d28        0x8 
 .text.hiddbgAttachHdlsWorkBuffer
                0x0000000000006d30      0x100 C:/devkitPro/libnx/lib\libnx.a(hiddbg.o)
                0x0000000000006d30                hiddbgAttachHdlsWorkBuffer
 .text.hiddbgReleaseHdlsWorkBuffer
                0x0000000000006e30       0x84 C:/devkitPro/libnx/lib\libnx.a(hiddbg.o)
                0x0000000000006e30                hiddbgReleaseHdlsWorkBuffer
 *fill*         0x0000000000006eb4        0xc 
 .text.hiddbgAttachHdlsVirtualDevice
                0x0000000000006ec0       0xc4 C:/devkitPro/libnx/lib\libnx.a(hiddbg.o)
                0x0000000000006ec0                hiddbgAttachHdlsVirtualDevice
 *fill*         0x0000000000006f84        0xc 
 .text.hiddbgDetachHdlsVirtualDevice
                0x0000000000006f90       0x60 C:/devkitPro/libnx/lib\libnx.a(hiddbg.o)
                0x0000000000006f90                hiddbgDetachHdlsVirtualDevice
 .text.hiddbgSetHdlsState
                0x0000000000006ff0       0xa4 C:/devkitPro/libnx/lib\libnx.a(hiddbg.o)
                0x0000000000006ff0                hiddbgSetHdlsState
 *fill*         0x0000000000007094        0xc 
 .text._psmCleanup
                0x00000000000070a0       0x68 C:/devkitPro/libnx/lib\libnx.a(psm.o)
 *fill*         0x0000000000007108        0x8 
 .text._psmCmdNoInOutU32.constprop.0
                0x0000000000007110       0xd0 C:/devkitPro/libnx/lib\libnx.a(psm.o)
 .text.psmInitialize
                0x00000000000071e0       0x98 C:/devkitPro/libnx/lib\libnx.a(psm.o)
                0x00000000000071e0                psmInitialize
 *fill*         0x0000000000007278        0x8 
 .text.psmExit  0x0000000000007280       0x44 C:/devkitPro/libnx/lib\libnx.a(psm.o)
                0x0000000000007280                psmExit
 *fill*         0x00000000000072c4        0xc 
 .text.psmGetBatteryChargePercentage
                0x00000000000072d0        0x8 C:/devkitPro/libnx/lib\libnx.a(psm.o)
                0x00000000000072d0                psmGetBatteryChargePercentage
 *fill*         0x00000000000072d8        0x8 
 .text._capsscCleanup
                0x00000000000072e0       0x68 C:/devkitPro/libnx/lib\libnx.a(capssc.o)
 *fill*         0x0000000000007348        0x8 
 .text.capsscInitialize
                0x0000000000007350       0xb0 C:/devkitPro/libnx/lib\libnx.a(capssc.o)
                0x0000000000007350                capsscInitialize
 .text.capsscGetServiceSession
                0x0000000000007400        0xc C:/devkitPro/libnx/lib\libnx.a(capssc.o)
                0x0000000000007400                capsscGetServiceSession
 *fill*         0x000000000000740c        0x4 
 .text._setCmdNoInOut64
                0x0000000000007410       0xcc C:/devkitPro/libnx/lib\libnx.a(set.o)
 *fill*         0x00000000000074dc        0x4 
 .text._setCmdNoInOutU32
                0x00000000000074e0       0xcc C:/devkitPro/libnx/lib\libnx.a(set.o)
 *fill*         0x00000000000075ac        0x4 
 .text._setsysGetFirmwareVersionImpl
                0x00000000000075b0       0xd4 C:/devkitPro/libnx/lib\libnx.a(set.o)
 *fill*         0x0000000000007684        0xc 
 .text._setCleanup
                0x0000000000007690       0x68 C:/devkitPro/libnx/lib\libnx.a(set.o)
 *fill*         0x00000000000076f8        0x8 
 .text._setsysCleanup
                0x0000000000007700       0x68 C:/devkitPro/libnx/lib\libnx.a(set.o)
 *fill*         0x0000000000007768        0x8 
 .text.setInitialize
                0x0000000000007770       0xa0 C:/devkitPro/libnx/lib\libnx.a(set.o)
                0x0000000000007770                setInitialize
 .text.setsysInitialize
                0x0000000000007810       0xa0 C:/devkitPro/libnx/lib\libnx.a(set.o)
                0x0000000000007810                setsysInitialize
 .text.setsysExit
                0x00000000000078b0       0x44 C:/devkitPro/libnx/lib\libnx.a(set.o)
                0x00000000000078b0                setsysExit
 *fill*         0x00000000000078f4        0xc 
 .text.setGetLanguageCode
                0x0000000000007900       0x14 C:/devkitPro/libnx/lib\libnx.a(set.o)
                0x0000000000007900                setGetLanguageCode
 *fill*         0x0000000000007914        0xc 
 .text.setGetSystemLanguage
                0x0000000000007920        0x4 C:/devkitPro/libnx/lib\libnx.a(set.o)
                0x0000000000007920                setGetSystemLanguage
 *fill*         0x0000000000007924        0xc 
 .text.setGetAvailableLanguageCodeCount
                0x0000000000007930       0x68 C:/devkitPro/libnx/lib\libnx.a(set.o)
                0x0000000000007930                setGetAvailableLanguageCodeCount
 *fill*         0x0000000000007998        0x8 
 .text.setGetAvailableLanguageCodes
                0x00000000000079a0      0x190 C:/devkitPro/libnx/lib\libnx.a(set.o)
                0x00000000000079a0                setGetAvailableLanguageCodes
 .text.setMakeLanguage
                0x0000000000007b30       0xd8 C:/devkitPro/libnx/lib\libnx.a(set.o)
                0x0000000000007b30                setMakeLanguage
 *fill*         0x0000000000007c08        0x8 
 .text.setsysGetFirmwareVersion
                0x0000000000007c10       0x44 C:/devkitPro/libnx/lib\libnx.a(set.o)
                0x0000000000007c10                setsysGetFirmwareVersion
 *fill*         0x0000000000007c54        0xc 
 .text._fatalCmd
                0x0000000000007c60      0x1b8 C:/devkitPro/libnx/lib\libnx.a(fatal.o)
 *fill*         0x0000000000007e18        0x8 
 .text.fatalThrowWithPolicy
                0x0000000000007e20        0xc C:/devkitPro/libnx/lib\libnx.a(fatal.o)
                0x0000000000007e20                fatalThrowWithPolicy
 *fill*         0x0000000000007e2c        0x4 
 .text.fatalThrow
                0x0000000000007e30       0x14 C:/devkitPro/libnx/lib\libnx.a(fatal.o)
                0x0000000000007e30                fatalThrow
 *fill*         0x0000000000007e44        0xc 
 .text._fsCleanup
                0x0000000000007e50       0xb4 C:/devkitPro/libnx/lib\libnx.a(fs.o)
 *fill*         0x0000000000007f04        0xc 
 .text._fsCmdNoIO
                0x0000000000007f10      0x1b0 C:/devkitPro/libnx/lib\libnx.a(fs.o)
 .text._fsFsCmdWithInPath
                0x00000000000080c0      0x1d4 C:/devkitPro/libnx/lib\libnx.a(fs.o)
 *fill*         0x0000000000008294        0xc 
 .text._fsFsCmdWithTwoInPaths
                0x00000000000082a0      0x1fc C:/devkitPro/libnx/lib\libnx.a(fs.o)
 *fill*         0x000000000000849c        0x4 
 .text._fsFsOpenCommon
                0x00000000000084a0      0x23c C:/devkitPro/libnx/lib\libnx.a(fs.o)
 *fill*         0x00000000000086dc        0x4 
 .text._fsFsCmdWithInPathAndOutU64
                0x00000000000086e0      0x1f0 C:/devkitPro/libnx/lib\libnx.a(fs.o)
 .text._fsObjectClose
                0x00000000000088d0       0xf4 C:/devkitPro/libnx/lib\libnx.a(fs.o)
 *fill*         0x00000000000089c4        0xc 
 .text._fsCmdGetSession.constprop.0
                0x00000000000089d0      0x17c C:/devkitPro/libnx/lib\libnx.a(fs.o)
 *fill*         0x0000000000008b4c        0x4 
 .text.fsInitialize
                0x0000000000008b50      0x318 C:/devkitPro/libnx/lib\libnx.a(fs.o)
                0x0000000000008b50                fsInitialize
 *fill*         0x0000000000008e68        0x8 
 .text.fsExit   0x0000000000008e70       0x44 C:/devkitPro/libnx/lib\libnx.a(fs.o)
                0x0000000000008e70                fsExit
 *fill*         0x0000000000008eb4        0xc 
 .text.fsOpenSdCardFileSystem
                0x0000000000008ec0        0x8 C:/devkitPro/libnx/lib\libnx.a(fs.o)
                0x0000000000008ec0                fsOpenSdCardFileSystem
 *fill*         0x0000000000008ec8        0x8 
 .text.fsFsCreateFile
                0x0000000000008ed0      0x1e4 C:/devkitPro/libnx/lib\libnx.a(fs.o)
                0x0000000000008ed0                fsFsCreateFile
 *fill*         0x00000000000090b4        0xc 
 .text.fsFsDeleteFile
                0x00000000000090c0        0x8 C:/devkitPro/libnx/lib\libnx.a(fs.o)
                0x00000000000090c0                fsFsDeleteFile
 *fill*         0x00000000000090c8        0x8 
 .text.fsFsCreateDirectory
                0x00000000000090d0        0x8 C:/devkitPro/libnx/lib\libnx.a(fs.o)
                0x00000000000090d0                fsFsCreateDirectory
 *fill*         0x00000000000090d8        0x8 
 .text.fsFsDeleteDirectory
                0x00000000000090e0        0x8 C:/devkitPro/libnx/lib\libnx.a(fs.o)
                0x00000000000090e0                fsFsDeleteDirectory
 *fill*         0x00000000000090e8        0x8 
 .text.fsFsRenameFile
                0x00000000000090f0        0x8 C:/devkitPro/libnx/lib\libnx.a(fs.o)
                0x00000000000090f0                fsFsRenameFile
 *fill*         0x00000000000090f8        0x8 
 .text.fsFsRenameDirectory
                0x0000000000009100        0x8 C:/devkitPro/libnx/lib\libnx.a(fs.o)
                0x0000000000009100                fsFsRenameDirectory
 *fill*         0x0000000000009108        0x8 
 .text.fsFsGetEntryType
                0x0000000000009110      0x1ec C:/devkitPro/libnx/lib\libnx.a(fs.o)
                0x0000000000009110                fsFsGetEntryType
 *fill*         0x00000000000092fc        0x4 
 .text.fsFsOpenFile
                0x0000000000009300        0x8 C:/devkitPro/libnx/lib\libnx.a(fs.o)
                0x0000000000009300                fsFsOpenFile
 *fill*         0x0000000000009308        0x8 
 .text.fsFsOpenDirectory
                0x0000000000009310        0x8 C:/devkitPro/libnx/lib\libnx.a(fs.o)
                0x0000000000009310                fsFsOpenDirectory
 *fill*         0x0000000000009318        0x8 
 .text.fsFsGetFreeSpace
                0x0000000000009320        0x8 C:/devkitPro/libnx/lib\libnx.a(fs.o)
                0x0000000000009320                fsFsGetFreeSpace
 *fill*         0x0000000000009328        0x8 
 .text.fsFsGetTotalSpace
                0x0000000000009330        0x8 C:/devkitPro/libnx/lib\libnx.a(fs.o)
                0x0000000000009330                fsFsGetTotalSpace
 *fill*         0x0000000000009338        0x8 
 .text.fsFsGetFileTimeStampRaw
                0x0000000000009340      0x230 C:/devkitPro/libnx/lib\libnx.a(fs.o)
                0x0000000000009340                fsFsGetFileTimeStampRaw
 .text.fsFsClose
                0x0000000000009570        0x4 C:/devkitPro/libnx/lib\libnx.a(fs.o)
                0x0000000000009570                fsFsClose
 *fill*         0x0000000000009574        0xc 
 .text.fsFileRead
                0x0000000000009580      0x210 C:/devkitPro/libnx/lib\libnx.a(fs.o)
                0x0000000000009580                fsFileRead
 .text.fsFileWrite
                0x0000000000009790      0x200 C:/devkitPro/libnx/lib\libnx.a(fs.o)
                0x0000000000009790                fsFileWrite
 .text.fsFileFlush
                0x0000000000009990        0x8 C:/devkitPro/libnx/lib\libnx.a(fs.o)
                0x0000000000009990                fsFileFlush
 *fill*         0x0000000000009998        0x8 
 .text.fsFileSetSize
                0x00000000000099a0      0x1b4 C:/devkitPro/libnx/lib\libnx.a(fs.o)
                0x00000000000099a0                fsFileSetSize
 *fill*         0x0000000000009b54        0xc 
 .text.fsFileGetSize
                0x0000000000009b60      0x1c4 C:/devkitPro/libnx/lib\libnx.a(fs.o)
                0x0000000000009b60                fsFileGetSize
 *fill*         0x0000000000009d24        0xc 
 .text.fsFileClose
                0x0000000000009d30        0x4 C:/devkitPro/libnx/lib\libnx.a(fs.o)
                0x0000000000009d30                fsFileClose
 *fill*         0x0000000000009d34        0xc 
 .text.fsDirClose
                0x0000000000009d40        0x4 C:/devkitPro/libnx/lib\libnx.a(fs.o)
                0x0000000000009d40                fsDirClose
 *fill*         0x0000000000009d44        0xc 
 .text.fsDirRead
                0x0000000000009d50      0x204 C:/devkitPro/libnx/lib\libnx.a(fs.o)
                0x0000000000009d50                fsDirRead
 *fill*         0x0000000000009f54        0xc 
 .text._smCmifCmdInPid
                0x0000000000009f60       0xd0 C:/devkitPro/libnx/lib\libnx.a(sm.o)
 .text._smCleanup
                0x000000000000a030       0x68 C:/devkitPro/libnx/lib\libnx.a(sm.o)
 *fill*         0x000000000000a098        0x8 
 .text.smAddOverrideHandle
                0x000000000000a0a0       0x48 C:/devkitPro/libnx/lib\libnx.a(sm.o)
                0x000000000000a0a0                smAddOverrideHandle
 *fill*         0x000000000000a0e8        0x8 
 .text.smGetServiceOverride
                0x000000000000a0f0       0x54 C:/devkitPro/libnx/lib\libnx.a(sm.o)
                0x000000000000a0f0                smGetServiceOverride
 *fill*         0x000000000000a144        0xc 
 .text.smInitialize
                0x000000000000a150      0x1c0 C:/devkitPro/libnx/lib\libnx.a(sm.o)
                0x000000000000a150                smInitialize
 .text.smExit   0x000000000000a310       0x44 C:/devkitPro/libnx/lib\libnx.a(sm.o)
                0x000000000000a310                smExit
 *fill*         0x000000000000a354        0xc 
 .text.smGetServiceOriginal
                0x000000000000a360       0xd0 C:/devkitPro/libnx/lib\libnx.a(sm.o)
                0x000000000000a360                smGetServiceOriginal
 .text.smGetServiceWrapper
                0x000000000000a430      0x120 C:/devkitPro/libnx/lib\libnx.a(sm.o)
                0x000000000000a430                smGetServiceWrapper
 .text._appletCmdNoInOutU8.isra.0
                0x000000000000a550       0xd4 C:/devkitPro/libnx/lib\libnx.a(applet.o)
 *fill*         0x000000000000a624        0xc 
 .text._appletCmdNoInOutU32.isra.0
                0x000000000000a630       0xd4 C:/devkitPro/libnx/lib\libnx.a(applet.o)
 *fill*         0x000000000000a704        0xc 
 .text.appletGetAppletResourceUserId
                0x000000000000a710        0xc C:/devkitPro/libnx/lib\libnx.a(applet.o)
                0x000000000000a710                appletGetAppletResourceUserId
 *fill*         0x000000000000a71c        0x4 
 .text.appletGetMessage
                0x000000000000a720       0x74 C:/devkitPro/libnx/lib\libnx.a(applet.o)
                0x000000000000a720                appletGetMessage
 *fill*         0x000000000000a794        0xc 
 .text.appletProcessMessage
                0x000000000000a7a0      0x248 C:/devkitPro/libnx/lib\libnx.a(applet.o)
                0x000000000000a7a0                appletProcessMessage
 *fill*         0x000000000000a9e8        0x8 
 .text.appletMainLoop
                0x000000000000a9f0       0x34 C:/devkitPro/libnx/lib\libnx.a(applet.o)
                0x000000000000a9f0                appletMainLoop
 *fill*         0x000000000000aa24        0xc 
 .text._lblCmdInU64NoOut
                0x000000000000aa30       0xc4 C:/devkitPro/libnx/lib\libnx.a(lbl.o)
 *fill*         0x000000000000aaf4        0xc 
 .text._lblCleanup
                0x000000000000ab00       0x68 C:/devkitPro/libnx/lib\libnx.a(lbl.o)
 *fill*         0x000000000000ab68        0x8 
 .text.lblInitialize
                0x000000000000ab70       0x98 C:/devkitPro/libnx/lib\libnx.a(lbl.o)
                0x000000000000ab70                lblInitialize
 *fill*         0x000000000000ac08        0x8 
 .text.lblExit  0x000000000000ac10       0x44 C:/devkitPro/libnx/lib\libnx.a(lbl.o)
                0x000000000000ac10                lblExit
 *fill*         0x000000000000ac54        0xc 
 .text.lblSwitchBacklightOn
                0x000000000000ac60        0x8 C:/devkitPro/libnx/lib\libnx.a(lbl.o)
                0x000000000000ac60                lblSwitchBacklightOn
 *fill*         0x000000000000ac68        0x8 
 .text.lblSwitchBacklightOff
                0x000000000000ac70        0x8 C:/devkitPro/libnx/lib\libnx.a(lbl.o)
                0x000000000000ac70                lblSwitchBacklightOff
 *fill*         0x000000000000ac78        0x8 
 .text._timeCleanup
                0x000000000000ac80      0x228 C:/devkitPro/libnx/lib\libnx.a(time.o)
 *fill*         0x000000000000aea8        0x8 
 .text._timeCmdNoInOutU64.constprop.0
                0x000000000000aeb0       0xc8 C:/devkitPro/libnx/lib\libnx.a(time.o)
 *fill*         0x000000000000af78        0x8 
 .text._timeCmdInU64NoOut.constprop.0
                0x000000000000af80       0xbc C:/devkitPro/libnx/lib\libnx.a(time.o)
 *fill*         0x000000000000b03c        0x4 
 .text._timeCmdGetSession.constprop.0
                0x000000000000b040      0x100 C:/devkitPro/libnx/lib\libnx.a(time.o)
 .text._timeGetSharedMemoryNativeHandle.constprop.0
                0x000000000000b140       0xcc C:/devkitPro/libnx/lib\libnx.a(time.o)
 *fill*         0x000000000000b20c        0x4 
 .text._timeReadClockFromSharedMem
                0x000000000000b210      0x110 C:/devkitPro/libnx/lib\libnx.a(time.o)
 .text.timeInitialize
                0x000000000000b320      0x238 C:/devkitPro/libnx/lib\libnx.a(time.o)
                0x000000000000b320                timeInitialize
 *fill*         0x000000000000b558        0x8 
 .text.timeExit
                0x000000000000b560       0x44 C:/devkitPro/libnx/lib\libnx.a(time.o)
                0x000000000000b560                timeExit
 *fill*         0x000000000000b5a4        0xc 
 .text.timeGetServiceSession_SystemClock
                0x000000000000b5b0       0x38 C:/devkitPro/libnx/lib\libnx.a(time.o)
                0x000000000000b5b0                timeGetServiceSession_SystemClock
 *fill*         0x000000000000b5e8        0x8 
 .text.timeGetCurrentTime
                0x000000000000b5f0       0x5c C:/devkitPro/libnx/lib\libnx.a(time.o)
                0x000000000000b5f0                timeGetCurrentTime
 *fill*         0x000000000000b64c        0x4 
 .text.timeSetCurrentTime
                0x000000000000b650       0x38 C:/devkitPro/libnx/lib\libnx.a(time.o)
                0x000000000000b650                timeSetCurrentTime
 *fill*         0x000000000000b688        0x8 
 .text.timeToPosixTimeWithMyRule
                0x000000000000b690      0x104 C:/devkitPro/libnx/lib\libnx.a(time.o)
                0x000000000000b690                timeToPosixTimeWithMyRule
 *fill*         0x000000000000b794        0xc 
 .text._audoutCleanup
                0x000000000000b7a0       0xf0 C:/devkitPro/libnx/lib\libnx.a(audout.o)
 .text.audoutExit
                0x000000000000b890       0x44 C:/devkitPro/libnx/lib\libnx.a(audout.o)
                0x000000000000b890                audoutExit
 *fill*         0x000000000000b8d4        0xc 
 .text.hosversionGet
                0x000000000000b8e0       0x14 C:/devkitPro/libnx/lib\libnx.a(hosversion.o)
                0x000000000000b8e0                hosversionGet
 *fill*         0x000000000000b8f4        0xc 
 .text.hosversionSet
                0x000000000000b900       0x10 C:/devkitPro/libnx/lib\libnx.a(hosversion.o)
                0x000000000000b900                hosversionSet
 .text.envSetup
                0x000000000000b910      0x24c C:/devkitPro/libnx/lib\libnx.a(env.o)
                0x000000000000b910                envSetup
 *fill*         0x000000000000bb5c        0x4 
 .text.envGetMainThreadHandle
                0x000000000000bb60       0x20 C:/devkitPro/libnx/lib\libnx.a(env.o)
                0x000000000000bb60                envGetMainThreadHandle
 .text.envIsNso
                0x000000000000bb80        0xc C:/devkitPro/libnx/lib\libnx.a(env.o)
                0x000000000000bb80                envIsNso
 *fill*         0x000000000000bb8c        0x4 
 .text.envHasArgv
                0x000000000000bb90       0x14 C:/devkitPro/libnx/lib\libnx.a(env.o)
                0x000000000000bb90                envHasArgv
 *fill*         0x000000000000bba4        0xc 
 .text.envGetArgv
                0x000000000000bbb0        0xc C:/devkitPro/libnx/lib\libnx.a(env.o)
                0x000000000000bbb0                envGetArgv
 *fill*         0x000000000000bbbc        0x4 
 .text.envGetExitFuncPtr
                0x000000000000bbc0        0xc C:/devkitPro/libnx/lib\libnx.a(env.o)
                0x000000000000bbc0                envGetExitFuncPtr
 *fill*         0x000000000000bbcc        0x4 
 .text.envHasRandomSeed
                0x000000000000bbd0        0xc C:/devkitPro/libnx/lib\libnx.a(env.o)
                0x000000000000bbd0                envHasRandomSeed
 *fill*         0x000000000000bbdc        0x4 
 .text.envGetRandomSeed
                0x000000000000bbe0       0x18 C:/devkitPro/libnx/lib\libnx.a(env.o)
                0x000000000000bbe0                envGetRandomSeed
 *fill*         0x000000000000bbf8        0x8 
 .text.__libnx_alloc
                0x000000000000bc00        0x4 C:/devkitPro/libnx/lib\libnx.a(alloc.o)
                0x000000000000bc00                __libnx_alloc
 *fill*         0x000000000000bc04        0xc 
 .text.__libnx_aligned_alloc
                0x000000000000bc10       0x14 C:/devkitPro/libnx/lib\libnx.a(alloc.o)
                0x000000000000bc10                __libnx_aligned_alloc
 *fill*         0x000000000000bc24        0xc 
 .text.__libnx_free
                0x000000000000bc30        0x4 C:/devkitPro/libnx/lib\libnx.a(alloc.o)
                0x000000000000bc30                __libnx_free
 *fill*         0x000000000000bc34        0xc 
 .text.diagAbortWithResult
                0x000000000000bc40       0x1c C:/devkitPro/libnx/lib\libnx.a(diag.o)
                0x000000000000bc40                diagAbortWithResult
 *fill*         0x000000000000bc5c        0x4 
 .text._resolverDeserializeHostent
                0x000000000000bc60      0x23c C:/devkitPro/libnx/lib\libnx.a(resolver.o)
 *fill*         0x000000000000be9c        0x4 
 .text.gethostbyname
                0x000000000000bea0      0x184 C:/devkitPro/libnx/lib\libnx.a(resolver.o)
                0x000000000000bea0                gethostbyname
 *fill*         0x000000000000c024        0xc 
 .text._socketParseBsdResult.part.0
                0x000000000000c030       0xa8 C:/devkitPro/libnx/lib\libnx.a(socket.o)
 *fill*         0x000000000000c0d8        0x8 
 .text._socketRead
                0x000000000000c0e0       0x48 C:/devkitPro/libnx/lib\libnx.a(socket.o)
 *fill*         0x000000000000c128        0x8 
 .text._socketWrite
                0x000000000000c130       0x48 C:/devkitPro/libnx/lib\libnx.a(socket.o)
 *fill*         0x000000000000c178        0x8 
 .text._socketClose
                0x000000000000c180       0x3c C:/devkitPro/libnx/lib\libnx.a(socket.o)
 *fill*         0x000000000000c1bc        0x4 
 .text._socketOpen
                0x000000000000c1c0       0x78 C:/devkitPro/libnx/lib\libnx.a(socket.o)
 *fill*         0x000000000000c238        0x8 
 .text._socketGetFd
                0x000000000000c240       0x84 C:/devkitPro/libnx/lib\libnx.a(socket.o)
 *fill*         0x000000000000c2c4        0xc 
 .text.socketExit
                0x000000000000c2d0       0x1c C:/devkitPro/libnx/lib\libnx.a(socket.o)
                0x000000000000c2d0                socketExit
 *fill*         0x000000000000c2ec        0x4 
 .text.socketInitialize
                0x000000000000c2f0      0x154 C:/devkitPro/libnx/lib\libnx.a(socket.o)
                0x000000000000c2f0                socketInitialize
 *fill*         0x000000000000c444        0xc 
 .text.poll     0x000000000000c450      0x1ac C:/devkitPro/libnx/lib\libnx.a(socket.o)
                0x000000000000c450                poll
 *fill*         0x000000000000c5fc        0x4 
 .text.socket   0x000000000000c600       0xac C:/devkitPro/libnx/lib\libnx.a(socket.o)
                0x000000000000c600                socket
 *fill*         0x000000000000c6ac        0x4 
 .text.recv     0x000000000000c6b0       0x68 C:/devkitPro/libnx/lib\libnx.a(socket.o)
                0x000000000000c6b0                recv
 *fill*         0x000000000000c718        0x8 
 .text.send     0x000000000000c720       0x68 C:/devkitPro/libnx/lib\libnx.a(socket.o)
                0x000000000000c720                send
 *fill*         0x000000000000c788        0x8 
 .text.accept   0x000000000000c790       0xb4 C:/devkitPro/libnx/lib\libnx.a(socket.o)
                0x000000000000c790                accept
 *fill*         0x000000000000c844        0xc 
 .text.bind     0x000000000000c850       0x60 C:/devkitPro/libnx/lib\libnx.a(socket.o)
                0x000000000000c850                bind
 .text.connect  0x000000000000c8b0       0x60 C:/devkitPro/libnx/lib\libnx.a(socket.o)
                0x000000000000c8b0                connect
 .text.listen   0x000000000000c910       0x58 C:/devkitPro/libnx/lib\libnx.a(socket.o)
                0x000000000000c910                listen
 *fill*         0x000000000000c968        0x8 
 .text.setsockopt
                0x000000000000c970       0x7c C:/devkitPro/libnx/lib\libnx.a(socket.o)
                0x000000000000c970                setsockopt
 *fill*         0x000000000000c9ec        0x4 
 .text.fsdev_link
                0x000000000000c9f0       0x14 C:/devkitPro/libnx/lib\libnx.a(fs_dev.o)
 *fill*         0x000000000000ca04        0xc 
 .text.fsdev_dirreset
                0x000000000000ca10       0x14 C:/devkitPro/libnx/lib\libnx.a(fs_dev.o)
 *fill*         0x000000000000ca24        0xc 
 .text.fsdev_chmod
                0x000000000000ca30       0x14 C:/devkitPro/libnx/lib\libnx.a(fs_dev.o)
 *fill*         0x000000000000ca44        0xc 
 .text.error_cmp
                0x000000000000ca50       0x18 C:/devkitPro/libnx/lib\libnx.a(fs_dev.o)
 *fill*         0x000000000000ca68        0x8 
 .text.fsdev_dirclose
                0x000000000000ca70       0x20 C:/devkitPro/libnx/lib\libnx.a(fs_dev.o)
 .text.fsdev_close
                0x000000000000ca90       0x1c C:/devkitPro/libnx/lib\libnx.a(fs_dev.o)
 *fill*         0x000000000000caac        0x4 
 .text.fsdev_converttimetoutc
                0x000000000000cab0       0x80 C:/devkitPro/libnx/lib\libnx.a(fs_dev.o)
 .text.fsdevFindDevice.part.0
                0x000000000000cb30       0xb8 C:/devkitPro/libnx/lib\libnx.a(fs_dev.o)
 *fill*         0x000000000000cbe8        0x8 
 .text.fsdev_fixpath
                0x000000000000cbf0      0x1e0 C:/devkitPro/libnx/lib\libnx.a(fs_dev.o)
 .text._fsdevUnmountDeviceStruct.part.0
                0x000000000000cdd0       0xa0 C:/devkitPro/libnx/lib\libnx.a(fs_dev.o)
 .text.fsdev_fchmod
                0x000000000000ce70       0x14 C:/devkitPro/libnx/lib\libnx.a(fs_dev.o)
 *fill*         0x000000000000ce84        0xc 
 .text.fsdev_diropen
                0x000000000000ce90      0x108 C:/devkitPro/libnx/lib\libnx.a(fs_dev.o)
 *fill*         0x000000000000cf98        0x8 
 .text.fsdev_fsync
                0x000000000000cfa0       0x7c C:/devkitPro/libnx/lib\libnx.a(fs_dev.o)
 *fill*         0x000000000000d01c        0x4 
 .text.fsdev_fstat
                0x000000000000d020      0x108 C:/devkitPro/libnx/lib\libnx.a(fs_dev.o)
 *fill*         0x000000000000d128        0x8 
 .text.fsdev_ftruncate
                0x000000000000d130       0x94 C:/devkitPro/libnx/lib\libnx.a(fs_dev.o)
 *fill*         0x000000000000d1c4        0xc 
 .text.fsdev_stat
                0x000000000000d1d0      0x1f8 C:/devkitPro/libnx/lib\libnx.a(fs_dev.o)
 *fill*         0x000000000000d3c8        0x8 
 .text.fsdev_rename
                0x000000000000d3d0      0x154 C:/devkitPro/libnx/lib\libnx.a(fs_dev.o)
 *fill*         0x000000000000d524        0xc 
 .text.fsdev_chdir
                0x000000000000d530      0x148 C:/devkitPro/libnx/lib\libnx.a(fs_dev.o)
 *fill*         0x000000000000d678        0x8 
 .text.fsdev_mkdir
                0x000000000000d680       0xac C:/devkitPro/libnx/lib\libnx.a(fs_dev.o)
 *fill*         0x000000000000d72c        0x4 
 .text.fsdev_unlink
                0x000000000000d730       0xac C:/devkitPro/libnx/lib\libnx.a(fs_dev.o)
 *fill*         0x000000000000d7dc        0x4 
 .text.fsdev_rmdir
                0x000000000000d7e0       0xac C:/devkitPro/libnx/lib\libnx.a(fs_dev.o)
 *fill*         0x000000000000d88c        0x4 
 .text.fsdev_statvfs
                0x000000000000d890      0x104 C:/devkitPro/libnx/lib\libnx.a(fs_dev.o)
 *fill*         0x000000000000d994        0xc 
 .text.fsdev_write_safe
                0x000000000000d9a0      0x13c C:/devkitPro/libnx/lib\libnx.a(fs_dev.o)
 *fill*         0x000000000000dadc        0x4 
 .text.fsdev_read_safe
                0x000000000000dae0      0x13c C:/devkitPro/libnx/lib\libnx.a(fs_dev.o)
 *fill*         0x000000000000dc1c        0x4 
 .text.fsdev_read
                0x000000000000dc20      0x104 C:/devkitPro/libnx/lib\libnx.a(fs_dev.o)
 *fill*         0x000000000000dd24        0xc 
 .text.fsdev_dirnext
                0x000000000000dd30      0x1d4 C:/devkitPro/libnx/lib\libnx.a(fs_dev.o)
 *fill*         0x000000000000df04        0xc 
 .text.fsdev_write
                0x000000000000df10      0x124 C:/devkitPro/libnx/lib\libnx.a(fs_dev.o)
 *fill*         0x000000000000e034        0xc 
 .text.fsdev_seek
                0x000000000000e040       0xe4 C:/devkitPro/libnx/lib\libnx.a(fs_dev.o)
 *fill*         0x000000000000e124        0xc 
 .text.fsdev_open
                0x000000000000e130      0x238 C:/devkitPro/libnx/lib\libnx.a(fs_dev.o)
 *fill*         0x000000000000e368        0x8 
 .text.fsdevMountDevice
                0x000000000000e370      0x26c C:/devkitPro/libnx/lib\libnx.a(fs_dev.o)
                0x000000000000e370                fsdevMountDevice
 *fill*         0x000000000000e5dc        0x4 
 .text.fsdevMountSdmc
                0x000000000000e5e0       0x48 C:/devkitPro/libnx/lib\libnx.a(fs_dev.o)
                0x000000000000e5e0                fsdevMountSdmc
 *fill*         0x000000000000e628        0x8 
 .text.fsdevUnmountAll
                0x000000000000e630       0x64 C:/devkitPro/libnx/lib\libnx.a(fs_dev.o)
                0x000000000000e630                fsdevUnmountAll
 *fill*         0x000000000000e694        0xc 
 .text._convert_errno
                0x000000000000e6a0       0x2c C:/devkitPro/libnx/lib\libnx.a(convert_errno.o)
                0x000000000000e6a0                _convert_errno
 *fill*         0x000000000000e6cc        0x4 
 .text.decode_utf8
                0x000000000000e6d0      0x12c C:/devkitPro/libnx/lib\libnx.a(decode_utf8.o)
                0x000000000000e6d0                decode_utf8
 .text.svcMapMemory
                0x000000000000e7fc        0x8 C:/devkitPro/libnx/lib\libnx.a(svc.o)
                0x000000000000e7fc                svcMapMemory
 .text.svcUnmapMemory
                0x000000000000e804        0x8 C:/devkitPro/libnx/lib\libnx.a(svc.o)
                0x000000000000e804                svcUnmapMemory
 .text.svcQueryMemory
                0x000000000000e80c       0x14 C:/devkitPro/libnx/lib\libnx.a(svc.o)
                0x000000000000e80c                svcQueryMemory
 .text.svcExitProcess
                0x000000000000e820        0x8 C:/devkitPro/libnx/lib\libnx.a(svc.o)
                0x000000000000e820                svcExitProcess
 .text.svcCreateThread
                0x000000000000e828       0x14 C:/devkitPro/libnx/lib\libnx.a(svc.o)
                0x000000000000e828                svcCreateThread
 .text.svcStartThread
                0x000000000000e83c        0x8 C:/devkitPro/libnx/lib\libnx.a(svc.o)
                0x000000000000e83c                svcStartThread
 .text.svcExitThread
                0x000000000000e844        0x8 C:/devkitPro/libnx/lib\libnx.a(svc.o)
                0x000000000000e844                svcExitThread
 .text.svcSleepThread
                0x000000000000e84c        0x8 C:/devkitPro/libnx/lib\libnx.a(svc.o)
                0x000000000000e84c                svcSleepThread
 .text.svcMapSharedMemory
                0x000000000000e854        0x8 C:/devkitPro/libnx/lib\libnx.a(svc.o)
                0x000000000000e854                svcMapSharedMemory
 .text.svcUnmapSharedMemory
                0x000000000000e85c        0x8 C:/devkitPro/libnx/lib\libnx.a(svc.o)
                0x000000000000e85c                svcUnmapSharedMemory
 .text.svcCreateTransferMemory
                0x000000000000e864       0x14 C:/devkitPro/libnx/lib\libnx.a(svc.o)
                0x000000000000e864                svcCreateTransferMemory
 .text.svcCloseHandle
                0x000000000000e878        0x8 C:/devkitPro/libnx/lib\libnx.a(svc.o)
                0x000000000000e878                svcCloseHandle
 .text.svcResetSignal
                0x000000000000e880        0x8 C:/devkitPro/libnx/lib\libnx.a(svc.o)
                0x000000000000e880                svcResetSignal
 .text.svcWaitSynchronization
                0x000000000000e888       0x14 C:/devkitPro/libnx/lib\libnx.a(svc.o)
                0x000000000000e888                svcWaitSynchronization
 .text.svcArbitrateLock
                0x000000000000e89c        0x8 C:/devkitPro/libnx/lib\libnx.a(svc.o)
                0x000000000000e89c                svcArbitrateLock
 .text.svcArbitrateUnlock
                0x000000000000e8a4        0x8 C:/devkitPro/libnx/lib\libnx.a(svc.o)
                0x000000000000e8a4                svcArbitrateUnlock
 .text.svcWaitProcessWideKeyAtomic
                0x000000000000e8ac        0x8 C:/devkitPro/libnx/lib\libnx.a(svc.o)
                0x000000000000e8ac                svcWaitProcessWideKeyAtomic
 .text.svcSignalProcessWideKey
                0x000000000000e8b4        0x8 C:/devkitPro/libnx/lib\libnx.a(svc.o)
                0x000000000000e8b4                svcSignalProcessWideKey
 .text.svcConnectToNamedPort
                0x000000000000e8bc       0x14 C:/devkitPro/libnx/lib\libnx.a(svc.o)
                0x000000000000e8bc                svcConnectToNamedPort
 .text.svcSendSyncRequest
                0x000000000000e8d0        0x8 C:/devkitPro/libnx/lib\libnx.a(svc.o)
                0x000000000000e8d0                svcSendSyncRequest
 .text.svcBreak
                0x000000000000e8d8        0x8 C:/devkitPro/libnx/lib\libnx.a(svc.o)
                0x000000000000e8d8                svcBreak
 .text.svcReturnFromException
                0x000000000000e8e0        0x8 C:/devkitPro/libnx/lib\libnx.a(svc.o)
                0x000000000000e8e0                svcReturnFromException
 .text.svcGetInfo
                0x000000000000e8e8       0x14 C:/devkitPro/libnx/lib\libnx.a(svc.o)
                0x000000000000e8e8                svcGetInfo
 .text.svcUnmapTransferMemory
                0x000000000000e8fc        0x8 C:/devkitPro/libnx/lib\libnx.a(svc.o)
                0x000000000000e8fc                svcUnmapTransferMemory
 .text.svcDebugActiveProcess
                0x000000000000e904       0x14 C:/devkitPro/libnx/lib\libnx.a(svc.o)
                0x000000000000e904                svcDebugActiveProcess
 .text.svcQueryDebugProcessMemory
                0x000000000000e918       0x14 C:/devkitPro/libnx/lib\libnx.a(svc.o)
                0x000000000000e918                svcQueryDebugProcessMemory
 .text.svcReadDebugProcessMemory
                0x000000000000e92c        0x8 C:/devkitPro/libnx/lib\libnx.a(svc.o)
                0x000000000000e92c                svcReadDebugProcessMemory
 .text.svcWriteDebugProcessMemory
                0x000000000000e934        0x8 C:/devkitPro/libnx/lib\libnx.a(svc.o)
                0x000000000000e934                svcWriteDebugProcessMemory
 .text.__aarch64_read_tp
                0x000000000000e93c        0xc C:/devkitPro/libnx/lib\libnx.a(readtp.o)
                0x000000000000e93c                __aarch64_read_tp
 *fill*         0x000000000000e948        0x8 
 .text.shmemLoadRemote
                0x000000000000e950       0x14 C:/devkitPro/libnx/lib\libnx.a(shmem.o)
                0x000000000000e950                shmemLoadRemote
 *fill*         0x000000000000e964        0xc 
 .text.shmemMap
                0x000000000000e970       0x88 C:/devkitPro/libnx/lib\libnx.a(shmem.o)
                0x000000000000e970                shmemMap
 *fill*         0x000000000000e9f8        0x8 
 .text.shmemUnmap
                0x000000000000ea00       0x34 C:/devkitPro/libnx/lib\libnx.a(shmem.o)
                0x000000000000ea00                shmemUnmap
 *fill*         0x000000000000ea34        0xc 
 .text.shmemClose
                0x000000000000ea40       0x44 C:/devkitPro/libnx/lib\libnx.a(shmem.o)
                0x000000000000ea40                shmemClose
 *fill*         0x000000000000ea84        0xc 
 .text.waitObjects
                0x000000000000ea90      0x45c C:/devkitPro/libnx/lib\libnx.a(wait.o)
                0x000000000000ea90                waitObjects
 *fill*         0x000000000000eeec        0x4 
 .text.waitHandles
                0x000000000000eef0       0xf8 C:/devkitPro/libnx/lib\libnx.a(wait.o)
                0x000000000000eef0                waitHandles
 *fill*         0x000000000000efe8        0x8 
 .text.tmemCreate
                0x000000000000eff0       0xa8 C:/devkitPro/libnx/lib\libnx.a(tmem.o)
                0x000000000000eff0                tmemCreate
 *fill*         0x000000000000f098        0x8 
 .text.tmemCreateFromMemory
                0x000000000000f0a0       0x28 C:/devkitPro/libnx/lib\libnx.a(tmem.o)
                0x000000000000f0a0                tmemCreateFromMemory
 *fill*         0x000000000000f0c8        0x8 
 .text.tmemUnmap
                0x000000000000f0d0       0x34 C:/devkitPro/libnx/lib\libnx.a(tmem.o)
                0x000000000000f0d0                tmemUnmap
 *fill*         0x000000000000f104        0xc 
 .text.tmemClose
                0x000000000000f110       0x68 C:/devkitPro/libnx/lib\libnx.a(tmem.o)
                0x000000000000f110                tmemClose
 *fill*         0x000000000000f178        0x8 
 .text._memregionInitWithInfo
                0x000000000000f180       0x64 C:/devkitPro/libnx/lib\libnx.a(virtmem.o)
 *fill*         0x000000000000f1e4        0xc 
 .text.__libnx_virtmem_rng
                0x000000000000f1f0        0x4 C:/devkitPro/libnx/lib\libnx.a(virtmem.o)
                0x000000000000f1f0                __libnx_virtmem_rng
 *fill*         0x000000000000f1f4        0xc 
 .text._memregionFindRandom
                0x000000000000f200      0x178 C:/devkitPro/libnx/lib\libnx.a(virtmem.o)
 *fill*         0x000000000000f378        0x8 
 .text.virtmemSetup
                0x000000000000f380      0x120 C:/devkitPro/libnx/lib\libnx.a(virtmem.o)
                0x000000000000f380                virtmemSetup
 .text.virtmemLock
                0x000000000000f4a0        0xc C:/devkitPro/libnx/lib\libnx.a(virtmem.o)
                0x000000000000f4a0                virtmemLock
 *fill*         0x000000000000f4ac        0x4 
 .text.virtmemUnlock
                0x000000000000f4b0        0xc C:/devkitPro/libnx/lib\libnx.a(virtmem.o)
                0x000000000000f4b0                virtmemUnlock
 *fill*         0x000000000000f4bc        0x4 
 .text.virtmemFindAslr
                0x000000000000f4c0       0x54 C:/devkitPro/libnx/lib\libnx.a(virtmem.o)
                0x000000000000f4c0                virtmemFindAslr
 *fill*         0x000000000000f514        0xc 
 .text.virtmemFindStack
                0x000000000000f520       0x54 C:/devkitPro/libnx/lib\libnx.a(virtmem.o)
                0x000000000000f520                virtmemFindStack
 *fill*         0x000000000000f574        0xc 
 .text.eventWait
                0x000000000000f580       0x38 C:/devkitPro/libnx/lib\libnx.a(event.o)
                0x000000000000f580                eventWait
 *fill*         0x000000000000f5b8        0x8 
 .text.eventClose
                0x000000000000f5c0       0x50 C:/devkitPro/libnx/lib\libnx.a(event.o)
                0x000000000000f5c0                eventClose
 .text.randomGet
                0x000000000000f610      0x3d4 C:/devkitPro/libnx/lib\libnx.a(random.o)
                0x000000000000f610                randomGet
 *fill*         0x000000000000f9e4        0xc 
 .text.randomGet64
                0x000000000000f9f0       0x20 C:/devkitPro/libnx/lib\libnx.a(random.o)
                0x000000000000f9f0                randomGet64
 .text.sessionmgrCreate
                0x000000000000fa10      0x180 C:/devkitPro/libnx/lib\libnx.a(sessionmgr.o)
                0x000000000000fa10                sessionmgrCreate
 .text.sessionmgrClose
                0x000000000000fb90       0x84 C:/devkitPro/libnx/lib\libnx.a(sessionmgr.o)
                0x000000000000fb90                sessionmgrClose
 *fill*         0x000000000000fc14        0xc 
 .text.sessionmgrAttachClient
                0x000000000000fc20       0xb4 C:/devkitPro/libnx/lib\libnx.a(sessionmgr.o)
                0x000000000000fc20                sessionmgrAttachClient
 *fill*         0x000000000000fcd4        0xc 
 .text.sessionmgrDetachClient
                0x000000000000fce0       0x70 C:/devkitPro/libnx/lib\libnx.a(sessionmgr.o)
                0x000000000000fce0                sessionmgrDetachClient
 .text._bsdStartMonitoring
                0x000000000000fd50       0xf4 C:/devkitPro/libnx/lib\libnx.a(bsd.o)
 *fill*         0x000000000000fe44        0xc 
 .text._bsdCleanup
                0x000000000000fe50       0xe0 C:/devkitPro/libnx/lib\libnx.a(bsd.o)
 .text._bsdCmdInSockfdOutSockaddr
                0x000000000000ff30      0x21c C:/devkitPro/libnx/lib\libnx.a(bsd.o)
 *fill*         0x000000000001014c        0x4 
 .text._bsdCmdInSockfdSockaddr
                0x0000000000010150      0x1bc C:/devkitPro/libnx/lib\libnx.a(bsd.o)
 *fill*         0x000000000001030c        0x4 
 .text._bsdCmdInDomainTypeProtocol
                0x0000000000010310      0x148 C:/devkitPro/libnx/lib\libnx.a(bsd.o)
 *fill*         0x0000000000010458        0x8 
 .text._bsdRegisterClient.constprop.0
                0x0000000000010460      0x130 C:/devkitPro/libnx/lib\libnx.a(bsd.o)
 .text.bsdInitialize
                0x0000000000010590      0x21c C:/devkitPro/libnx/lib\libnx.a(bsd.o)
                0x0000000000010590                bsdInitialize
 *fill*         0x00000000000107ac        0x4 
 .text.bsdExit  0x00000000000107b0       0x44 C:/devkitPro/libnx/lib\libnx.a(bsd.o)
                0x00000000000107b0                bsdExit
 *fill*         0x00000000000107f4        0xc 
 .text.bsdSocket
                0x0000000000010800        0x8 C:/devkitPro/libnx/lib\libnx.a(bsd.o)
                0x0000000000010800                bsdSocket
 *fill*         0x0000000000010808        0x8 
 .text.bsdOpen  0x0000000000010810      0x1d8 C:/devkitPro/libnx/lib\libnx.a(bsd.o)
                0x0000000000010810                bsdOpen
 *fill*         0x00000000000109e8        0x8 
 .text.bsdPoll  0x00000000000109f0      0x25c C:/devkitPro/libnx/lib\libnx.a(bsd.o)
                0x00000000000109f0                bsdPoll
 *fill*         0x0000000000010c4c        0x4 
 .text.bsdRecv  0x0000000000010c50      0x1d4 C:/devkitPro/libnx/lib\libnx.a(bsd.o)
                0x0000000000010c50                bsdRecv
 *fill*         0x0000000000010e24        0xc 
 .text.bsdSend  0x0000000000010e30      0x1d8 C:/devkitPro/libnx/lib\libnx.a(bsd.o)
                0x0000000000010e30                bsdSend
 *fill*         0x0000000000011008        0x8 
 .text.bsdAccept
                0x0000000000011010        0x8 C:/devkitPro/libnx/lib\libnx.a(bsd.o)
                0x0000000000011010                bsdAccept
 *fill*         0x0000000000011018        0x8 
 .text.bsdBind  0x0000000000011020        0x8 C:/devkitPro/libnx/lib\libnx.a(bsd.o)
                0x0000000000011020                bsdBind
 *fill*         0x0000000000011028        0x8 
 .text.bsdConnect
                0x0000000000011030        0x8 C:/devkitPro/libnx/lib\libnx.a(bsd.o)
                0x0000000000011030                bsdConnect
 *fill*         0x0000000000011038        0x8 
 .text.bsdListen
                0x0000000000011040      0x144 C:/devkitPro/libnx/lib\libnx.a(bsd.o)
                0x0000000000011040                bsdListen
 *fill*         0x0000000000011184        0xc 
 .text.bsdSetSockOpt
                0x0000000000011190      0x1d0 C:/devkitPro/libnx/lib\libnx.a(bsd.o)
                0x0000000000011190                bsdSetSockOpt
 .text.bsdWrite
                0x0000000000011360      0x1d0 C:/devkitPro/libnx/lib\libnx.a(bsd.o)
                0x0000000000011360                bsdWrite
 .text.bsdRead  0x0000000000011530      0x1cc C:/devkitPro/libnx/lib\libnx.a(bsd.o)
                0x0000000000011530                bsdRead
 *fill*         0x00000000000116fc        0x4 
 .text.bsdClose
                0x0000000000011700      0x13c C:/devkitPro/libnx/lib\libnx.a(bsd.o)
                0x0000000000011700                bsdClose
 *fill*         0x000000000001183c        0x4 
 .text.sfdnsresGetHostByNameRequest
                0x0000000000011840      0x228 C:/devkitPro/libnx/lib\libnx.a(sfdnsres.o)
                0x0000000000011840                sfdnsresGetHostByNameRequest
 *fill*         0x0000000000011a68        0x8 
 .text.__nx_dynamic
                0x0000000000011a70       0xa0 C:/devkitPro/libnx/lib\libnx.a(dynamic.o)
                0x0000000000011a70                __nx_dynamic
 .text.__libnx_init
                0x0000000000011b10       0x2c C:/devkitPro/libnx/lib\libnx.a(init.o)
                0x0000000000011b10                __libnx_init
 *fill*         0x0000000000011b3c        0x4 
 .text.__libnx_exit
                0x0000000000011b40       0x20 C:/devkitPro/libnx/lib\libnx.a(init.o)
                0x0000000000011b40                __libnx_exit
 .text.__syscall_exit
                0x0000000000011b60       0x1c C:/devkitPro/libnx/lib\libnx.a(newlib.o)
                0x0000000000011b60                __syscall_exit
 *fill*         0x0000000000011b7c        0x4 
 .text.__syscall_getreent
                0x0000000000011b80       0x34 C:/devkitPro/libnx/lib\libnx.a(newlib.o)
                0x0000000000011b80                __syscall_getreent
 *fill*         0x0000000000011bb4        0xc 
 .text.__syscall_lock_acquire
                0x0000000000011bc0        0x4 C:/devkitPro/libnx/lib\libnx.a(newlib.o)
                0x0000000000011bc0                __syscall_lock_acquire
 *fill*         0x0000000000011bc4        0xc 
 .text.__syscall_lock_release
                0x0000000000011bd0        0x4 C:/devkitPro/libnx/lib\libnx.a(newlib.o)
                0x0000000000011bd0                __syscall_lock_release
 *fill*         0x0000000000011bd4        0xc 
 .text.__syscall_lock_acquire_recursive
                0x0000000000011be0        0x4 C:/devkitPro/libnx/lib\libnx.a(newlib.o)
                0x0000000000011be0                __syscall_lock_acquire_recursive
 *fill*         0x0000000000011be4        0xc 
 .text.__syscall_lock_release_recursive
                0x0000000000011bf0        0x4 C:/devkitPro/libnx/lib\libnx.a(newlib.o)
                0x0000000000011bf0                __syscall_lock_release_recursive
 *fill*         0x0000000000011bf4        0xc 
 .text.__syscall_gettod_r
                0x0000000000011c00       0x8c C:/devkitPro/libnx/lib\libnx.a(newlib.o)
                0x0000000000011c00                __syscall_gettod_r
 *fill*         0x0000000000011c8c        0x4 
 .text.newlibSetup
                0x0000000000011c90       0x84 C:/devkitPro/libnx/lib\libnx.a(newlib.o)
                0x0000000000011c90                newlibSetup
 *fill*         0x0000000000011d14        0xc 
 .text.argvSetup
                0x0000000000011d20      0x320 C:/devkitPro/libnx/lib\libnx.a(argv.o)
                0x0000000000011d20                argvSetup
 .text.__libnx_exception_entry
                0x0000000000012040      0x1c0 C:/devkitPro/libnx/lib\libnx.a(exception.o)
                0x0000000000012040                __libnx_exception_entry
 .text.__libnx_exception_returnentry
                0x0000000000012200       0x18 C:/devkitPro/libnx/lib\libnx.a(exception.o)
                0x0000000000012200                __libnx_exception_returnentry
 *fill*         0x0000000000012218        0x8 
 .text.condvarWaitTimeout
                0x0000000000012220       0x64 C:/devkitPro/libnx/lib\libnx.a(condvar.o)
                0x0000000000012220                condvarWaitTimeout
 *fill*         0x0000000000012284        0xc 
 .text.nxlinkSetup
                0x0000000000012290       0xc4 C:/devkitPro/libnx/lib\libnx.a(nxlink.o)
                0x0000000000012290                nxlinkSetup
 *fill*         0x0000000000012354        0xc 
 .text.__addtf3
                0x0000000000012360      0xb94 c:/devkitpro/devkita64/bin/../lib/gcc/aarch64-none-elf/11.2.0/pic\libgcc.a(addtf3.o)
                0x0000000000012360                __addtf3
 *fill*         0x0000000000012ef4        0xc 
 .text.__multf3
                0x0000000000012f00      0x800 c:/devkitpro/devkita64/bin/../lib/gcc/aarch64-none-elf/11.2.0/pic\libgcc.a(multf3.o)
                0x0000000000012f00                __multf3
 .text.__fixtfdi
                0x0000000000013700      0x138 c:/devkitpro/devkita64/bin/../lib/gcc/aarch64-none-elf/11.2.0/pic\libgcc.a(fixtfdi.o)
                0x0000000000013700                __fixtfdi
 *fill*         0x0000000000013838        0x8 
 .text.__fixunstfdi
                0x0000000000013840      0x10c c:/devkitpro/devkita64/bin/../lib/gcc/aarch64-none-elf/11.2.0/pic\libgcc.a(fixunstfdi.o)
                0x0000000000013840                __fixunstfdi
 *fill*         0x000000000001394c        0x4 
 .text.__floatunditf
                0x0000000000013950       0x9c c:/devkitpro/devkita64/bin/../lib/gcc/aarch64-none-elf/11.2.0/pic\libgcc.a(floatunditf.o)
                0x0000000000013950                __floatunditf
 *fill*         0x00000000000139ec        0x4 
 .text.__sfp_handle_exceptions
                0x00000000000139f0       0x70 c:/devkitpro/devkita64/bin/../lib/gcc/aarch64-none-elf/11.2.0/pic\libgcc.a(sfp-exceptions.o)
                0x00000000000139f0                __sfp_handle_exceptions
 .text.aligned_alloc
                0x0000000000013a60       0x2c c:/devkitpro/devkita64/bin/../lib/gcc/aarch64-none-elf/11.2.0/../../../../aarch64-none-elf/lib/pic\libg.a(lib_a-aligned_alloc.o)
                0x0000000000013a60                aligned_alloc
 *fill*         0x0000000000013a8c        0x4 
 .text.bsearch  0x0000000000013a90       0xb8 c:/devkitpro/devkita64/bin/../lib/gcc/aarch64-none-elf/11.2.0/../../../../aarch64-none-elf/lib/pic\libg.a(lib_a-bsearch.o)
                0x0000000000013a90                bsearch
 *fill*         0x0000000000013b48        0x8 
 .text.calloc   0x0000000000013b50       0x2c c:/devkitpro/devkita64/bin/../lib/gcc/aarch64-none-elf/11.2.0/../../../../aarch64-none-elf/lib/pic\libg.a(lib_a-calloc.o)
                0x0000000000013b50                calloc
 *fill*         0x0000000000013b7c        0x4 
 .text._calloc_r
                0x0000000000013b80       0xb0 c:/devkitpro/devkita64/bin/../lib/gcc/aarch64-none-elf/11.2.0/../../../../aarch64-none-elf/lib/pic\libg.a(lib_a-callocr.o)
                0x0000000000013b80                _calloc_r
 .text.__errno  0x0000000000013c30       0x14 c:/devkitpro/devkita64/bin/../lib/gcc/aarch64-none-elf/11.2.0/../../../../aarch64-none-elf/lib/pic\libg.a(lib_a-errno.o)
                0x0000000000013c30                __errno
 *fill*         0x0000000000013c44        0xc 
 .text.__sflush_r
                0x0000000000013c50      0x228 c:/devkitpro/devkita64/bin/../lib/gcc/aarch64-none-elf/11.2.0/../../../../aarch64-none-elf/lib/pic\libg.a(lib_a-fflush.o)
                0x0000000000013c50                __sflush_r
 *fill*         0x0000000000013e78        0x8 
 .text._fflush_r
                0x0000000000013e80       0xb8 c:/devkitpro/devkita64/bin/../lib/gcc/aarch64-none-elf/11.2.0/../../../../aarch64-none-elf/lib/pic\libg.a(lib_a-fflush.o)
                0x0000000000013e80                _fflush_r
 *fill*         0x0000000000013f38        0x8 
 .text.fflush   0x0000000000013f40       0x40 c:/devkitpro/devkita64/bin/../lib/gcc/aarch64-none-elf/11.2.0/../../../../aarch64-none-elf/lib/pic\libg.a(lib_a-fflush.o)
                0x0000000000013f40                fflush
 .text._cleanup_r
                0x0000000000013f80        0xc c:/devkitpro/devkita64/bin/../lib/gcc/aarch64-none-elf/11.2.0/../../../../aarch64-none-elf/lib/pic\libg.a(lib_a-findfp.o)
                0x0000000000013f80                _cleanup_r
 *fill*         0x0000000000013f8c        0x4 
 .text.__sfp_lock_acquire
                0x0000000000013f90        0xc c:/devkitpro/devkita64/bin/../lib/gcc/aarch64-none-elf/11.2.0/../../../../aarch64-none-elf/lib/pic\libg.a(lib_a-findfp.o)
                0x0000000000013f90                __sfp_lock_acquire
 *fill*         0x0000000000013f9c        0x4 
 .text.__sfp_lock_release
                0x0000000000013fa0        0xc c:/devkitpro/devkita64/bin/../lib/gcc/aarch64-none-elf/11.2.0/../../../../aarch64-none-elf/lib/pic\libg.a(lib_a-findfp.o)
                0x0000000000013fa0                __sfp_lock_release
 *fill*         0x0000000000013fac        0x4 
 .text.__sinit_lock_acquire
                0x0000000000013fb0        0xc c:/devkitpro/devkita64/bin/../lib/gcc/aarch64-none-elf/11.2.0/../../../../aarch64-none-elf/lib/pic\libg.a(lib_a-findfp.o)
                0x0000000000013fb0                __sinit_lock_acquire
 *fill*         0x0000000000013fbc        0x4 
 .text.__sinit_lock_release
                0x0000000000013fc0        0xc c:/devkitpro/devkita64/bin/../lib/gcc/aarch64-none-elf/11.2.0/../../../../aarch64-none-elf/lib/pic\libg.a(lib_a-findfp.o)
                0x0000000000013fc0                __sinit_lock_release
 *fill*         0x0000000000013fcc        0x4 
 .text.__sinit  0x0000000000013fd0      0x154 c:/devkitpro/devkita64/bin/../lib/gcc/aarch64-none-elf/11.2.0/../../../../aarch64-none-elf/lib/pic\libg.a(lib_a-findfp.o)
                0x0000000000013fd0                __sinit
 *fill*         0x0000000000014124        0xc 
 .text.__libc_fini_array
                0x0000000000014130       0x44 c:/devkitpro/devkita64/bin/../lib/gcc/aarch64-none-elf/11.2.0/../../../../aarch64-none-elf/lib/pic\libg.a(lib_a-fini.o)
                0x0000000000014130                __libc_fini_array
 *fill*         0x0000000000014174        0xc 
 .text._malloc_trim_r
                0x0000000000014180      0x118 c:/devkitpro/devkita64/bin/../lib/gcc/aarch64-none-elf/11.2.0/../../../../aarch64-none-elf/lib/pic\libg.a(lib_a-freer.o)
                0x0000000000014180                _malloc_trim_r
 *fill*         0x0000000000014298        0x8 
 .text._free_r  0x00000000000142a0      0x2f0 c:/devkitpro/devkita64/bin/../lib/gcc/aarch64-none-elf/11.2.0/../../../../aarch64-none-elf/lib/pic\libg.a(lib_a-freer.o)
                0x00000000000142a0                _free_r
 .text._fwalk_reent
                0x0000000000014590       0xa4 c:/devkitpro/devkita64/bin/../lib/gcc/aarch64-none-elf/11.2.0/../../../../aarch64-none-elf/lib/pic\libg.a(lib_a-fwalk.o)
                0x0000000000014590                _fwalk_reent
 *fill*         0x0000000000014634        0xc 
 .text.gmtime   0x0000000000014640       0x2c c:/devkitpro/devkita64/bin/../lib/gcc/aarch64-none-elf/11.2.0/../../../../aarch64-none-elf/lib/pic\libg.a(lib_a-gmtime.o)
                0x0000000000014640                gmtime
 *fill*         0x000000000001466c        0x4 
 .text.gmtime_r
                0x0000000000014670      0x29c c:/devkitpro/devkita64/bin/../lib/gcc/aarch64-none-elf/11.2.0/../../../../aarch64-none-elf/lib/pic\libg.a(lib_a-gmtime_r.o)
                0x0000000000014670                gmtime_r
 *fill*         0x000000000001490c        0x4 
 .text.__libc_init_array
                0x0000000000014910       0x8c c:/devkitpro/devkita64/bin/../lib/gcc/aarch64-none-elf/11.2.0/../../../../aarch64-none-elf/lib/pic\libg.a(lib_a-init.o)
                0x0000000000014910                __libc_init_array
 *fill*         0x000000000001499c        0x4 
 .text.localtime
                0x00000000000149a0       0x2c c:/devkitpro/devkita64/bin/../lib/gcc/aarch64-none-elf/11.2.0/../../../../aarch64-none-elf/lib/pic\libg.a(lib_a-lcltime.o)
                0x00000000000149a0                localtime
 *fill*         0x00000000000149cc        0x4 
 .text.localtime_r
                0x00000000000149d0      0x37c c:/devkitpro/devkita64/bin/../lib/gcc/aarch64-none-elf/11.2.0/../../../../aarch64-none-elf/lib/pic\libg.a(lib_a-lcltime_r.o)
                0x00000000000149d0                localtime_r
 *fill*         0x0000000000014d4c        0x4 
 .text._memalign_r
                0x0000000000014d50      0x17c c:/devkitpro/devkita64/bin/../lib/gcc/aarch64-none-elf/11.2.0/../../../../aarch64-none-elf/lib/pic\libg.a(lib_a-malignr.o)
                0x0000000000014d50                _memalign_r
 *fill*         0x0000000000014ecc        0x4 
 .text.malloc   0x0000000000014ed0       0x24 c:/devkitpro/devkita64/bin/../lib/gcc/aarch64-none-elf/11.2.0/../../../../aarch64-none-elf/lib/pic\libg.a(lib_a-malloc.o)
                0x0000000000014ed0                malloc
 *fill*         0x0000000000014ef4        0xc 
 .text.free     0x0000000000014f00       0x24 c:/devkitpro/devkita64/bin/../lib/gcc/aarch64-none-elf/11.2.0/../../../../aarch64-none-elf/lib/pic\libg.a(lib_a-malloc.o)
                0x0000000000014f00                free
 *fill*         0x0000000000014f24        0xc 
 .text._malloc_r
                0x0000000000014f30      0x86c c:/devkitpro/devkita64/bin/../lib/gcc/aarch64-none-elf/11.2.0/../../../../aarch64-none-elf/lib/pic\libg.a(lib_a-mallocr.o)
                0x0000000000014f30                _malloc_r
 *fill*         0x000000000001579c       0x24 
 .text          0x00000000000157c0      0x16c c:/devkitpro/devkita64/bin/../lib/gcc/aarch64-none-elf/11.2.0/../../../../aarch64-none-elf/lib/pic\libg.a(lib_a-memcpy.o)
                0x00000000000157c0                memcpy
 *fill*         0x000000000001592c       0x14 
 .text          0x0000000000015940      0x1dc c:/devkitpro/devkita64/bin/../lib/gcc/aarch64-none-elf/11.2.0/../../../../aarch64-none-elf/lib/pic\libg.a(lib_a-memset.o)
                0x0000000000015940                memset
 *fill*         0x0000000000015b1c        0x4 
 .text.validate_structure
                0x0000000000015b20      0x310 c:/devkitpro/devkita64/bin/../lib/gcc/aarch64-none-elf/11.2.0/../../../../aarch64-none-elf/lib/pic\libg.a(lib_a-mktime.o)
 .text.mktime   0x0000000000015e30      0x4dc c:/devkitpro/devkita64/bin/../lib/gcc/aarch64-none-elf/11.2.0/../../../../aarch64-none-elf/lib/pic\libg.a(lib_a-mktime.o)
                0x0000000000015e30                mktime
 *fill*         0x000000000001630c        0x4 
 .text.__malloc_lock
                0x0000000000016310        0xc c:/devkitpro/devkita64/bin/../lib/gcc/aarch64-none-elf/11.2.0/../../../../aarch64-none-elf/lib/pic\libg.a(lib_a-mlock.o)
                0x0000000000016310                __malloc_lock
 *fill*         0x000000000001631c        0x4 
 .text.__malloc_unlock
                0x0000000000016320        0xc c:/devkitpro/devkita64/bin/../lib/gcc/aarch64-none-elf/11.2.0/../../../../aarch64-none-elf/lib/pic\libg.a(lib_a-mlock.o)
                0x0000000000016320                __malloc_unlock
 *fill*         0x000000000001632c        0x4 
 .text.printf   0x0000000000016330       0x84 c:/devkitpro/devkita64/bin/../lib/gcc/aarch64-none-elf/11.2.0/../../../../aarch64-none-elf/lib/pic\libg.a(lib_a-printf.o)
                0x0000000000016330                printf
 *fill*         0x00000000000163b4        0xc 
 .text.putchar  0x00000000000163c0       0x28 c:/devkitpro/devkita64/bin/../lib/gcc/aarch64-none-elf/11.2.0/../../../../aarch64-none-elf/lib/pic\libg.a(lib_a-putchar.o)
                0x00000000000163c0                putchar
 *fill*         0x00000000000163e8        0x8 
 .text._putc_r  0x00000000000163f0       0xe0 c:/devkitpro/devkita64/bin/../lib/gcc/aarch64-none-elf/11.2.0/../../../../aarch64-none-elf/lib/pic\libg.a(lib_a-putc.o)
                0x00000000000163f0                _putc_r
 .text._puts_r  0x00000000000164d0       0xd0 c:/devkitpro/devkita64/bin/../lib/gcc/aarch64-none-elf/11.2.0/../../../../aarch64-none-elf/lib/pic\libg.a(lib_a-puts.o)
                0x00000000000164d0                _puts_r
 .text.puts     0x00000000000165a0       0x24 c:/devkitpro/devkita64/bin/../lib/gcc/aarch64-none-elf/11.2.0/../../../../aarch64-none-elf/lib/pic\libg.a(lib_a-puts.o)
                0x00000000000165a0                puts
 *fill*         0x00000000000165c4        0xc 
 .text.realloc  0x00000000000165d0       0x2c c:/devkitpro/devkita64/bin/../lib/gcc/aarch64-none-elf/11.2.0/../../../../aarch64-none-elf/lib/pic\libg.a(lib_a-realloc.o)
                0x00000000000165d0                realloc
 *fill*         0x00000000000165fc        0x4 
 .text._realloc_r
                0x0000000000016600      0x538 c:/devkitpro/devkita64/bin/../lib/gcc/aarch64-none-elf/11.2.0/../../../../aarch64-none-elf/lib/pic\libg.a(lib_a-reallocr.o)
                0x0000000000016600                _realloc_r
 *fill*         0x0000000000016b38        0x8 
 .text.__sread  0x0000000000016b40       0x50 c:/devkitpro/devkita64/bin/../lib/gcc/aarch64-none-elf/11.2.0/../../../../aarch64-none-elf/lib/pic\libg.a(lib_a-stdio.o)
                0x0000000000016b40                __sread
 .text.__seofread
                0x0000000000016b90        0x8 c:/devkitpro/devkita64/bin/../lib/gcc/aarch64-none-elf/11.2.0/../../../../aarch64-none-elf/lib/pic\libg.a(lib_a-stdio.o)
                0x0000000000016b90                __seofread
 *fill*         0x0000000000016b98        0x8 
 .text.__swrite
                0x0000000000016ba0       0x6c c:/devkitpro/devkita64/bin/../lib/gcc/aarch64-none-elf/11.2.0/../../../../aarch64-none-elf/lib/pic\libg.a(lib_a-stdio.o)
                0x0000000000016ba0                __swrite
 *fill*         0x0000000000016c0c        0x4 
 .text.__sseek  0x0000000000016c10       0x50 c:/devkitpro/devkita64/bin/../lib/gcc/aarch64-none-elf/11.2.0/../../../../aarch64-none-elf/lib/pic\libg.a(lib_a-stdio.o)
                0x0000000000016c10                __sseek
 .text.__sclose
                0x0000000000016c60        0x8 c:/devkitpro/devkita64/bin/../lib/gcc/aarch64-none-elf/11.2.0/../../../../aarch64-none-elf/lib/pic\libg.a(lib_a-stdio.o)
                0x0000000000016c60                __sclose
 .text          0x0000000000016c68       0xdc c:/devkitpro/devkita64/bin/../lib/gcc/aarch64-none-elf/11.2.0/../../../../aarch64-none-elf/lib/pic\libg.a(lib_a-strchr.o)
                0x0000000000016c68                strchr
 *fill*         0x0000000000016d44       0x3c 
 .text          0x0000000000016d80       0xe4 c:/devkitpro/devkita64/bin/../lib/gcc/aarch64-none-elf/11.2.0/../../../../aarch64-none-elf/lib/pic\libg.a(lib_a-strcmp.o)
                0x0000000000016d80                strcmp
 *fill*         0x0000000000016e64       0x1c 
 .text          0x0000000000016e80      0x1b8 c:/devkitpro/devkita64/bin/../lib/gcc/aarch64-none-elf/11.2.0/../../../../aarch64-none-elf/lib/pic\libg.a(lib_a-strcpy.o)
                0x0000000000016e80                strcpy
 *fill*         0x0000000000017038        0x8 
 .text          0x0000000000017040      0x140 c:/devkitpro/devkita64/bin/../lib/gcc/aarch64-none-elf/11.2.0/../../../../aarch64-none-elf/lib/pic\libg.a(lib_a-strlen.o)
                0x0000000000017040                strlen
 .text.strncat  0x0000000000017180       0x7c c:/devkitpro/devkita64/bin/../lib/gcc/aarch64-none-elf/11.2.0/../../../../aarch64-none-elf/lib/pic\libg.a(lib_a-strncat.o)
                0x0000000000017180                strncat
 *fill*         0x00000000000171fc        0x4 
 .text          0x0000000000017200      0x1d4 c:/devkitpro/devkita64/bin/../lib/gcc/aarch64-none-elf/11.2.0/../../../../aarch64-none-elf/lib/pic\libg.a(lib_a-strncmp.o)
                0x000000000001721c                strncmp
 *fill*         0x00000000000173d4        0xc 
 .text.strncpy  0x00000000000173e0       0x9c c:/devkitpro/devkita64/bin/../lib/gcc/aarch64-none-elf/11.2.0/../../../../aarch64-none-elf/lib/pic\libg.a(lib_a-strncpy.o)
                0x00000000000173e0                strncpy
 *fill*         0x000000000001747c        0x4 
 .text          0x0000000000017480       0xe0 c:/devkitpro/devkita64/bin/../lib/gcc/aarch64-none-elf/11.2.0/../../../../aarch64-none-elf/lib/pic\libg.a(lib_a-strnlen.o)
                0x00000000000174a4                strnlen
 .text.strtok   0x0000000000017560       0x38 c:/devkitpro/devkita64/bin/../lib/gcc/aarch64-none-elf/11.2.0/../../../../aarch64-none-elf/lib/pic\libg.a(lib_a-strtok.o)
                0x0000000000017560                strtok
 *fill*         0x0000000000017598        0x8 
 .text.__strtok_r
                0x00000000000175a0       0x9c c:/devkitpro/devkita64/bin/../lib/gcc/aarch64-none-elf/11.2.0/../../../../aarch64-none-elf/lib/pic\libg.a(lib_a-strtok_r.o)
                0x00000000000175a0                __strtok_r
 *fill*         0x000000000001763c        0x4 
 .text._strtol_l.part.0
                0x0000000000017640      0x18c c:/devkitpro/devkita64/bin/../lib/gcc/aarch64-none-elf/11.2.0/../../../../aarch64-none-elf/lib/pic\libg.a(lib_a-strtol.o)
 *fill*         0x00000000000177cc        0x4 
 .text._strtol_r
                0x00000000000177d0       0x70 c:/devkitpro/devkita64/bin/../lib/gcc/aarch64-none-elf/11.2.0/../../../../aarch64-none-elf/lib/pic\libg.a(lib_a-strtol.o)
                0x00000000000177d0                _strtol_r
 .text.strtol   0x0000000000017840       0x74 c:/devkitpro/devkita64/bin/../lib/gcc/aarch64-none-elf/11.2.0/../../../../aarch64-none-elf/lib/pic\libg.a(lib_a-strtol.o)
                0x0000000000017840                strtol
 *fill*         0x00000000000178b4        0xc 
 .text._strtoul_l.constprop.0
                0x00000000000178c0      0x19c c:/devkitpro/devkita64/bin/../lib/gcc/aarch64-none-elf/11.2.0/../../../../aarch64-none-elf/lib/pic\libg.a(lib_a-strtoul.o)
 *fill*         0x0000000000017a5c        0x4 
 .text._strtoul_r
                0x0000000000017a60       0x44 c:/devkitpro/devkita64/bin/../lib/gcc/aarch64-none-elf/11.2.0/../../../../aarch64-none-elf/lib/pic\libg.a(lib_a-strtoul.o)
                0x0000000000017a60                _strtoul_r
 *fill*         0x0000000000017aa4        0xc 
 .text.strtoul  0x0000000000017ab0       0x48 c:/devkitpro/devkita64/bin/../lib/gcc/aarch64-none-elf/11.2.0/../../../../aarch64-none-elf/lib/pic\libg.a(lib_a-strtoul.o)
                0x0000000000017ab0                strtoul
 *fill*         0x0000000000017af8        0x8 
 .text.close    0x0000000000017b00       0x24 c:/devkitpro/devkita64/bin/../lib/gcc/aarch64-none-elf/11.2.0/../../../../aarch64-none-elf/lib/pic\libg.a(lib_a-sysclose.o)
                0x0000000000017b00                close
 *fill*         0x0000000000017b24        0xc 
 .text.time     0x0000000000017b30       0x40 c:/devkitpro/devkita64/bin/../lib/gcc/aarch64-none-elf/11.2.0/../../../../aarch64-none-elf/lib/pic\libg.a(lib_a-time.o)
                0x0000000000017b30                time
 .text.__tzcalc_limits
                0x0000000000017b70      0x220 c:/devkitpro/devkita64/bin/../lib/gcc/aarch64-none-elf/11.2.0/../../../../aarch64-none-elf/lib/pic\libg.a(lib_a-tzcalc_limits.o)
                0x0000000000017b70                __tzcalc_limits
 .text.__tz_lock
                0x0000000000017d90        0xc c:/devkitpro/devkita64/bin/../lib/gcc/aarch64-none-elf/11.2.0/../../../../aarch64-none-elf/lib/pic\libg.a(lib_a-tzlock.o)
                0x0000000000017d90                __tz_lock
 *fill*         0x0000000000017d9c        0x4 
 .text.__tz_unlock
                0x0000000000017da0        0xc c:/devkitpro/devkita64/bin/../lib/gcc/aarch64-none-elf/11.2.0/../../../../aarch64-none-elf/lib/pic\libg.a(lib_a-tzlock.o)
                0x0000000000017da0                __tz_unlock
 *fill*         0x0000000000017dac        0x4 
 .text._tzset_unlocked
                0x0000000000017db0       0x14 c:/devkitpro/devkita64/bin/../lib/gcc/aarch64-none-elf/11.2.0/../../../../aarch64-none-elf/lib/pic\libg.a(lib_a-tzset.o)
                0x0000000000017db0                _tzset_unlocked
 *fill*         0x0000000000017dc4        0xc 
 .text._tzset_unlocked_r
                0x0000000000017dd0      0x4f4 c:/devkitpro/devkita64/bin/../lib/gcc/aarch64-none-elf/11.2.0/../../../../aarch64-none-elf/lib/pic\libg.a(lib_a-tzset_r.o)
                0x0000000000017dd0                _tzset_unlocked_r
 .text.get_arg  0x00000000000182c4      0x7e0 c:/devkitpro/devkita64/bin/../lib/gcc/aarch64-none-elf/11.2.0/../../../../aarch64-none-elf/lib/pic\libg.a(lib_a-vfprintf.o)
 .text._vfprintf_r
                0x0000000000018aa4     0x3c78 c:/devkitpro/devkita64/bin/../lib/gcc/aarch64-none-elf/11.2.0/../../../../aarch64-none-elf/lib/pic\libg.a(lib_a-vfprintf.o)
                0x0000000000018aa4                _vfprintf_r
 .text.__sbprintf
                0x000000000001c71c       0xf0 c:/devkitpro/devkita64/bin/../lib/gcc/aarch64-none-elf/11.2.0/../../../../aarch64-none-elf/lib/pic\libg.a(lib_a-vfprintf.o)
 *fill*         0x000000000001c80c        0x4 
 .text.__swbuf_r
                0x000000000001c810      0x118 c:/devkitpro/devkita64/bin/../lib/gcc/aarch64-none-elf/11.2.0/../../../../aarch64-none-elf/lib/pic\libg.a(lib_a-wbuf.o)
                0x000000000001c810                __swbuf_r
 *fill*         0x000000000001c928        0x8 
 .text._wcrtomb_r
                0x000000000001c930       0xd8 c:/devkitpro/devkita64/bin/../lib/gcc/aarch64-none-elf/11.2.0/../../../../aarch64-none-elf/lib/pic\libg.a(lib_a-wcrtomb.o)
                0x000000000001c930                _wcrtomb_r
 *fill*         0x000000000001ca08        0x8 
 .text._wcsrtombs_r
                0x000000000001ca10       0x10 c:/devkitpro/devkita64/bin/../lib/gcc/aarch64-none-elf/11.2.0/../../../../aarch64-none-elf/lib/pic\libg.a(lib_a-wcsrtombs.o)
                0x000000000001ca10                _wcsrtombs_r
 .text.__swsetup_r
                0x000000000001ca20      0x140 c:/devkitpro/devkita64/bin/../lib/gcc/aarch64-none-elf/11.2.0/../../../../aarch64-none-elf/lib/pic\libg.a(lib_a-wsetup.o)
                0x000000000001ca20                __swsetup_r
 .text.__call_exitprocs
                0x000000000001cb60      0x12c c:/devkitpro/devkita64/bin/../lib/gcc/aarch64-none-elf/11.2.0/../../../../aarch64-none-elf/lib/pic\libg.a(lib_a-__call_atexit.o)
                0x000000000001cb60                __call_exitprocs
 *fill*         0x000000000001cc8c        0x4 
 .text.div      0x000000000001cc90       0x40 c:/devkitpro/devkita64/bin/../lib/gcc/aarch64-none-elf/11.2.0/../../../../aarch64-none-elf/lib/pic\libg.a(lib_a-div.o)
                0x000000000001cc90                div
 .text.quorem   0x000000000001ccd0      0x19c c:/devkitpro/devkita64/bin/../lib/gcc/aarch64-none-elf/11.2.0/../../../../aarch64-none-elf/lib/pic\libg.a(lib_a-dtoa.o)
 *fill*         0x000000000001ce6c        0x4 
 .text._dtoa_r  0x000000000001ce70     0x1190 c:/devkitpro/devkita64/bin/../lib/gcc/aarch64-none-elf/11.2.0/../../../../aarch64-none-elf/lib/pic\libg.a(lib_a-dtoa.o)
                0x000000000001ce70                _dtoa_r
 .text.__env_lock
                0x000000000001e000        0xc c:/devkitpro/devkita64/bin/../lib/gcc/aarch64-none-elf/11.2.0/../../../../aarch64-none-elf/lib/pic\libg.a(lib_a-envlock.o)
                0x000000000001e000                __env_lock
 *fill*         0x000000000001e00c        0x4 
 .text.__env_unlock
                0x000000000001e010        0xc c:/devkitpro/devkita64/bin/../lib/gcc/aarch64-none-elf/11.2.0/../../../../aarch64-none-elf/lib/pic\libg.a(lib_a-envlock.o)
                0x000000000001e010                __env_unlock
 *fill*         0x000000000001e01c        0x4 
 .text._fclose_r
                0x000000000001e020      0x15c c:/devkitpro/devkita64/bin/../lib/gcc/aarch64-none-elf/11.2.0/../../../../aarch64-none-elf/lib/pic\libg.a(lib_a-fclose.o)